Archive member included because of file (symbol)

/usr/local/csl/arm-2012.03/bin/../lib/gcc/arm-none-eabi/4.6.3/thumb2/libgcc.a(_arm_addsubdf3.o)
                              obj/src/main.o (__aeabi_dsub)
/usr/local/csl/arm-2012.03/bin/../lib/gcc/arm-none-eabi/4.6.3/thumb2/libgcc.a(_arm_muldivdf3.o)
                              obj/src/main.o (__aeabi_dmul)
/usr/local/csl/arm-2012.03/bin/../lib/gcc/arm-none-eabi/4.6.3/thumb2/libgcc.a(_arm_fixunsdfsi.o)
                              obj/src/main.o (__aeabi_d2uiz)
/usr/local/csl/arm-2012.03/bin/../lib/gcc/arm-none-eabi/4.6.3/../../../../arm-none-eabi/lib/thumb2/libc.a(lib_a-exit.o)
                              obj/src/modbus.o (exit)
/usr/local/csl/arm-2012.03/bin/../lib/gcc/arm-none-eabi/4.6.3/../../../../arm-none-eabi/lib/thumb2/libc.a(lib_a-impure.o)
                              /usr/local/csl/arm-2012.03/bin/../lib/gcc/arm-none-eabi/4.6.3/../../../../arm-none-eabi/lib/thumb2/libc.a(lib_a-exit.o) (_global_impure_ptr)
/usr/local/csl/arm-2012.03/bin/../lib/gcc/arm-none-eabi/4.6.3/../../../../arm-none-eabi/lib/thumb2/libc.a(lib_a-init.o)
                              obj/src/startup_stm32f4xx.o (__libc_init_array)
/usr/local/csl/arm-2012.03/bin/../lib/gcc/arm-none-eabi/4.6.3/../../../../arm-none-eabi/lib/thumb2/libc.a(lib_a-malloc.o)
                              obj/src/modbus.o (malloc)
/usr/local/csl/arm-2012.03/bin/../lib/gcc/arm-none-eabi/4.6.3/../../../../arm-none-eabi/lib/thumb2/libc.a(lib_a-mallocr.o)
                              /usr/local/csl/arm-2012.03/bin/../lib/gcc/arm-none-eabi/4.6.3/../../../../arm-none-eabi/lib/thumb2/libc.a(lib_a-malloc.o) (_malloc_r)
/usr/local/csl/arm-2012.03/bin/../lib/gcc/arm-none-eabi/4.6.3/../../../../arm-none-eabi/lib/thumb2/libc.a(lib_a-memcmp.o)
                              obj/src/modbus.o (memcmp)
/usr/local/csl/arm-2012.03/bin/../lib/gcc/arm-none-eabi/4.6.3/../../../../arm-none-eabi/lib/thumb2/libc.a(lib_a-printf.o)
                              obj/src/modbus.o (printf)
/usr/local/csl/arm-2012.03/bin/../lib/gcc/arm-none-eabi/4.6.3/../../../../arm-none-eabi/lib/thumb2/libc.a(lib_a-vfprintf.o)
                              /usr/local/csl/arm-2012.03/bin/../lib/gcc/arm-none-eabi/4.6.3/../../../../arm-none-eabi/lib/thumb2/libc.a(lib_a-printf.o) (_vfprintf_r)
/usr/local/csl/arm-2012.03/bin/../lib/gcc/arm-none-eabi/4.6.3/../../../../arm-none-eabi/lib/thumb2/libc.a(lib_a-wsetup.o)
                              /usr/local/csl/arm-2012.03/bin/../lib/gcc/arm-none-eabi/4.6.3/../../../../arm-none-eabi/lib/thumb2/libc.a(lib_a-vfprintf.o) (__swsetup_r)
/usr/local/csl/arm-2012.03/bin/../lib/gcc/arm-none-eabi/4.6.3/../../../../arm-none-eabi/lib/thumb2/libc.a(lib_a-__call_atexit.o)
                              /usr/local/csl/arm-2012.03/bin/../lib/gcc/arm-none-eabi/4.6.3/../../../../arm-none-eabi/lib/thumb2/libc.a(lib_a-exit.o) (__call_exitprocs)
/usr/local/csl/arm-2012.03/bin/../lib/gcc/arm-none-eabi/4.6.3/../../../../arm-none-eabi/lib/thumb2/libc.a(lib_a-atexit.o)
                              /usr/local/csl/arm-2012.03/bin/../lib/gcc/arm-none-eabi/4.6.3/../../../../arm-none-eabi/lib/thumb2/libc.a(lib_a-__call_atexit.o) (atexit)
/usr/local/csl/arm-2012.03/bin/../lib/gcc/arm-none-eabi/4.6.3/../../../../arm-none-eabi/lib/thumb2/libc.a(lib_a-dtoa.o)
                              /usr/local/csl/arm-2012.03/bin/../lib/gcc/arm-none-eabi/4.6.3/../../../../arm-none-eabi/lib/thumb2/libc.a(lib_a-vfprintf.o) (_dtoa_r)
/usr/local/csl/arm-2012.03/bin/../lib/gcc/arm-none-eabi/4.6.3/../../../../arm-none-eabi/lib/thumb2/libc.a(lib_a-fflush.o)
                              /usr/local/csl/arm-2012.03/bin/../lib/gcc/arm-none-eabi/4.6.3/../../../../arm-none-eabi/lib/thumb2/libc.a(lib_a-vfprintf.o) (_fflush_r)
/usr/local/csl/arm-2012.03/bin/../lib/gcc/arm-none-eabi/4.6.3/../../../../arm-none-eabi/lib/thumb2/libc.a(lib_a-findfp.o)
                              /usr/local/csl/arm-2012.03/bin/../lib/gcc/arm-none-eabi/4.6.3/../../../../arm-none-eabi/lib/thumb2/libc.a(lib_a-printf.o) (__sinit)
/usr/local/csl/arm-2012.03/bin/../lib/gcc/arm-none-eabi/4.6.3/../../../../arm-none-eabi/lib/thumb2/libc.a(lib_a-fini.o)
                              /usr/local/csl/arm-2012.03/bin/../lib/gcc/arm-none-eabi/4.6.3/../../../../arm-none-eabi/lib/thumb2/libc.a(lib_a-__call_atexit.o) (__libc_fini_array)
/usr/local/csl/arm-2012.03/bin/../lib/gcc/arm-none-eabi/4.6.3/../../../../arm-none-eabi/lib/thumb2/libc.a(lib_a-freer.o)
                              /usr/local/csl/arm-2012.03/bin/../lib/gcc/arm-none-eabi/4.6.3/../../../../arm-none-eabi/lib/thumb2/libc.a(lib_a-malloc.o) (_free_r)
/usr/local/csl/arm-2012.03/bin/../lib/gcc/arm-none-eabi/4.6.3/../../../../arm-none-eabi/lib/thumb2/libc.a(lib_a-fwalk.o)
                              /usr/local/csl/arm-2012.03/bin/../lib/gcc/arm-none-eabi/4.6.3/../../../../arm-none-eabi/lib/thumb2/libc.a(lib_a-findfp.o) (_fwalk)
[...]
Memory Configuration

Name             Origin             Length             Attributes
FLASH            0x08000000         0x00100000         xr
RAM              0x20000000         0x00020000         xrw
MEMORY_B1        0x60000000         0x00000000         xr
*default*        0x00000000         0xffffffff

Linker script and memory map

LOAD /usr/local/csl/arm-2012.03/bin/../lib/gcc/arm-none-eabi/4.6.3/thumb2/crti.o
LOAD /usr/local/csl/arm-2012.03/bin/../lib/gcc/arm-none-eabi/4.6.3/thumb2/crtbegin.o
LOAD obj/src/uart.o
LOAD obj/src/ustime.o
LOAD obj/src/main.o
LOAD obj/src/startup_stm32f4xx.o
LOAD obj/src/system_stm32f4xx.o
LOAD obj/src/syscalls.o
LOAD obj/src/modbus.o
LOAD obj/src/shell.o
LOAD obj/src/hw_it.o
LOAD obj/src/stm32f4_discovery.o
LOAD obj/src/hw_config.o
LOAD obj/FreeRTOS/Source/timers.o
LOAD obj/FreeRTOS/Source/tasks.o
LOAD obj/FreeRTOS/Source/queue.o
LOAD obj/FreeRTOS/Source/list.o
LOAD obj/FreeRTOS/Source/croutine.o
LOAD obj/FreeRTOS/Source/portable/GCC/ARM_CM4F/port.o
LOAD obj/libs/STM32F4xx_StdPeriph_Driver/src/misc.o
LOAD obj/libs/STM32F4xx_StdPeriph_Driver/src/stm32f4xx_adc.o
LOAD obj/libs/STM32F4xx_StdPeriph_Driver/src/stm32f4xx_can.o
LOAD obj/libs/STM32F4xx_StdPeriph_Driver/src/stm32f4xx_crc.o
LOAD obj/libs/STM32F4xx_StdPeriph_Driver/src/stm32f4xx_cryp.o
LOAD obj/libs/STM32F4xx_StdPeriph_Driver/src/stm32f4xx_cryp_aes.o
LOAD obj/libs/STM32F4xx_StdPeriph_Driver/src/stm32f4xx_cryp_des.o
LOAD obj/libs/STM32F4xx_StdPeriph_Driver/src/stm32f4xx_cryp_tdes.o
LOAD obj/libs/STM32F4xx_StdPeriph_Driver/src/stm32f4xx_dac.o
LOAD obj/libs/STM32F4xx_StdPeriph_Driver/src/stm32f4xx_dbgmcu.o
LOAD obj/libs/STM32F4xx_StdPeriph_Driver/src/stm32f4xx_dcmi.o
LOAD obj/libs/STM32F4xx_StdPeriph_Driver/src/stm32f4xx_dma.o
LOAD obj/libs/STM32F4xx_StdPeriph_Driver/src/stm32f4xx_exti.o
LOAD obj/libs/STM32F4xx_StdPeriph_Driver/src/stm32f4xx_flash.o
LOAD obj/libs/STM32F4xx_StdPeriph_Driver/src/stm32f4xx_fsmc.o
LOAD obj/libs/STM32F4xx_StdPeriph_Driver/src/stm32f4xx_gpio.o
LOAD obj/libs/STM32F4xx_StdPeriph_Driver/src/stm32f4xx_hash.o
LOAD obj/libs/STM32F4xx_StdPeriph_Driver/src/stm32f4xx_hash_md5.o
LOAD obj/libs/STM32F4xx_StdPeriph_Driver/src/stm32f4xx_hash_sha1.o
LOAD obj/libs/STM32F4xx_StdPeriph_Driver/src/stm32f4xx_i2c.o
LOAD obj/libs/STM32F4xx_StdPeriph_Driver/src/stm32f4xx_iwdg.o
LOAD obj/libs/STM32F4xx_StdPeriph_Driver/src/stm32f4xx_pwr.o
LOAD obj/libs/STM32F4xx_StdPeriph_Driver/src/stm32f4xx_rcc.o
LOAD obj/libs/STM32F4xx_StdPeriph_Driver/src/stm32f4xx_rng.o
LOAD obj/libs/STM32F4xx_StdPeriph_Driver/src/stm32f4xx_rtc.o
LOAD obj/libs/STM32F4xx_StdPeriph_Driver/src/stm32f4xx_sdio.o
LOAD obj/libs/STM32F4xx_StdPeriph_Driver/src/stm32f4xx_spi.o
LOAD obj/libs/STM32F4xx_StdPeriph_Driver/src/stm32f4xx_syscfg.o
LOAD obj/libs/STM32F4xx_StdPeriph_Driver/src/stm32f4xx_tim.o
LOAD obj/libs/STM32F4xx_StdPeriph_Driver/src/stm32f4xx_usart.o
LOAD obj/libs/STM32F4xx_StdPeriph_Driver/src/stm32f4xx_wwdg.o
LOAD /usr/local/csl/arm-2012.03/bin/../lib/gcc/arm-none-eabi/4.6.3/../../../../arm-none-eabi/lib/thumb2/libm.a
START GROUP
LOAD /usr/local/csl/arm-2012.03/bin/../lib/gcc/arm-none-eabi/4.6.3/thumb2/libgcc.a
LOAD /usr/local/csl/arm-2012.03/bin/../lib/gcc/arm-none-eabi/4.6.3/../../../../arm-none-eabi/lib/thumb2/libc.a
END GROUP
LOAD /usr/local/csl/arm-2012.03/bin/../lib/gcc/arm-none-eabi/4.6.3/thumb2/crtend.o
LOAD /usr/local/csl/arm-2012.03/bin/../lib/gcc/arm-none-eabi/4.6.3/thumb2/crtn.o
                0x20020000                _estack = 0x20020000
                0x00000000                _Min_Heap_Size = 0x0
                0x00000400                _Min_Stack_Size = 0x400

.isr_vector     0x08000000      0x188
                0x08000000                . = ALIGN (0x4)
 *(.isr_vector)
 .isr_vector    0x08000000      0x188 obj/src/startup_stm32f4xx.o
                0x08000000                g_pfnVectors
                0x08000188                . = ALIGN (0x4)

.text           0x08000188     0x58f8
                0x08000188                . = ALIGN (0x4)
 *(.text)
 .text          0x08000188       0x68 /usr/local/csl/arm-2012.03/bin/../lib/gcc/arm-none-eabi/4.6.3/thumb2/crtbegin.o
 .text          0x080001f0      0x370 /usr/local/csl/arm-2012.03/bin/../lib/gcc/arm-none-eabi/4.6.3/thumb2/libgcc.a(_arm_addsubdf3.o)
                0x080001f0                __aeabi_drsub
                0x080001f8                __aeabi_dsub
                0x080001f8                __subdf3
                0x080001fc                __adddf3
                0x080001fc                __aeabi_dadd
                0x08000474                __aeabi_ui2d
                0x08000474                __floatunsidf
                0x08000494                __floatsidf
                0x08000494                __aeabi_i2d
                0x080004b8                __extendsfdf2
                0x080004b8                __aeabi_f2d
                0x080004f4                __aeabi_ul2d
                0x080004f4                __floatundidf
                0x08000504                __floatdidf
                0x08000504                __aeabi_l2d
 .text          0x08000560      0x424 /usr/local/csl/arm-2012.03/bin/../lib/gcc/arm-none-eabi/4.6.3/thumb2/libgcc.a(_arm_muldivdf3.o)
                0x08000560                __aeabi_dmul
                0x08000560                __muldf3
                0x080007b4                __aeabi_ddiv
                0x080007b4                __divdf3
 .text          0x08000984       0x40 /usr/local/csl/arm-2012.03/bin/../lib/gcc/arm-none-eabi/4.6.3/thumb2/libgcc.a(_arm_fixunsdfsi.o)
                0x08000984                __fixunsdfsi
                0x08000984                __aeabi_d2uiz
 .text          0x080009c4       0x50 /usr/local/csl/arm-2012.03/bin/../lib/gcc/arm-none-eabi/4.6.3/../../../../arm-none-eabi/lib/thumb2/libc.a(lib_a-init.o)
                0x080009c4                __libc_init_array
 .text          0x08000a14       0x20 /usr/local/csl/arm-2012.03/bin/../lib/gcc/arm-none-eabi/4.6.3/../../../../arm-none-eabi/lib/thumb2/libc.a(lib_a-malloc.o)
                0x08000a14                malloc
                0x08000a24                free
 .text          0x08000a34      0x580 /usr/local/csl/arm-2012.03/bin/../lib/gcc/arm-none-eabi/4.6.3/../../../../arm-none-eabi/lib/thumb2/libc.a(lib_a-mallocr.o)
                0x08000a34                _malloc_r
 .text          0x08000fb4        0xc /usr/local/csl/arm-2012.03/bin/../lib/gcc/arm-none-eabi/4.6.3/../../../../arm-none-eabi/lib/thumb2/libc.a(lib_a-atexit.o)
                0x08000fb4                atexit
 .text          0x08000fc0       0x30 /usr/local/csl/arm-2012.03/bin/../lib/gcc/arm-none-eabi/4.6.3/../../../../arm-none-eabi/lib/thumb2/libc.a(lib_a-fini.o)
                0x08000fc0                __libc_fini_array
 .text          0x08000ff0      0x234 /usr/local/csl/arm-2012.03/bin/../lib/gcc/arm-none-eabi/4.6.3/../../../../arm-none-eabi/lib/thumb2/libc.a(lib_a-freer.o)
                0x08000ff0                _malloc_trim_r
                0x08001094                _free_r
 .text          0x08001224       0xdc /usr/local/csl/arm-2012.03/bin/../lib/gcc/arm-none-eabi/4.6.3/../../../../arm-none-eabi/lib/thumb2/libc.a(lib_a-__atexit.o)
                0x08001224                __register_exitproc
 *(.text*)
 .text.rb_getc  0x08001300       0x70 obj/src/uart.o
 .text.rb_putc  0x08001370       0x6c obj/src/uart.o
 .text.USART1_IRQHandler
                0x080013dc       0xe4 obj/src/uart.o
                0x080013dc                USART1_IRQHandler
 .text.get_us_time
                0x080014c0       0x8c obj/src/ustime.o
                0x080014c0                get_us_time
 .text.init_us_timer
                0x0800154c       0x70 obj/src/ustime.o
                0x0800154c                init_us_timer
 .text.memset   0x080015bc       0xac obj/src/main.o
                0x080015bc                memset
 .text.memcpy   0x08001668       0xc4 obj/src/main.o
                0x08001668                memcpy
 .text.strncpy  0x0800172c       0x68 obj/src/main.o
                0x0800172c                strncpy
 .text._toa     0x08001794      0x168 obj/src/main.o
                0x08001794                _toa
 .text.xtoa     0x080018fc       0x24 obj/src/main.o
                0x080018fc                xtoa
 .text.itoa     0x08001920       0x24 obj/src/main.o
                0x08001920                itoa
 .text.qprintf  0x08001944      0x1fc obj/src/main.o
                0x08001944                qprintf
 .text.vUsartSendTask
                0x08001b40       0x90 obj/src/main.o
                0x08001b40                vUsartSendTask
 .text.vHeartBeatTask
                0x08001bd0      0x318 obj/src/main.o
                0x08001bd0                vHeartBeatTask
 .text.vTimerSystemIdle
                0x08001ee8       0x28 obj/src/main.o
                0x08001ee8                vTimerSystemIdle
 .text.vTimer100HzTick
                0x08001f10       0x2c obj/src/main.o
                0x08001f10                vTimer100HzTick
 .text.vTimer1secTick
                0x08001f3c       0x2c obj/src/main.o
                0x08001f3c                vTimer1secTick
 .text.main     0x08001f68      0x19c obj/src/main.o
                0x08001f68                main
 .text.Reset_Handler
                0x08002104       0x60 obj/src/startup_stm32f4xx.o
                0x08002104                Reset_Handler
 .text.Default_Handler
                0x08002164        0x4 obj/src/startup_stm32f4xx.o
                0x08002164                RTC_Alarm_IRQHandler
                0x08002164                HASH_RNG_IRQHandler
                0x08002164                EXTI2_IRQHandler
                0x08002164                TIM8_CC_IRQHandler
                0x08002164                DebugMon_Handler
                0x08002164                TIM1_CC_IRQHandler
                0x08002164                DMA2_Stream5_IRQHandler
                0x08002164                HardFault_Handler
                0x08002164                DMA1_Stream5_IRQHandler
                0x08002164                PVD_IRQHandler
                0x08002164                SDIO_IRQHandler
                0x08002164                TAMP_STAMP_IRQHandler
                0x08002164                NMI_Handler
                0x08002164                CAN2_RX1_IRQHandler
                0x08002164                EXTI3_IRQHandler
                0x08002164                TIM8_TRG_COM_TIM14_IRQHandler
                0x08002164                TIM1_UP_TIM10_IRQHandler
                0x08002164                TIM8_UP_TIM13_IRQHandler
                0x08002164                I2C3_ER_IRQHandler
                0x08002164                EXTI0_IRQHandler
                0x08002164                I2C2_EV_IRQHandler
                0x08002164                DMA1_Stream2_IRQHandler
                0x08002164                CAN1_RX0_IRQHandler
                0x08002164                FPU_IRQHandler
                0x08002164                OTG_HS_WKUP_IRQHandler
                0x08002164                UsageFault_Handler
                0x08002164                CAN2_SCE_IRQHandler
                0x08002164                DMA2_Stream2_IRQHandler
                0x08002164                SPI1_IRQHandler
                0x08002164                TIM6_DAC_IRQHandler
                0x08002164                TIM1_BRK_TIM9_IRQHandler
                0x08002164                DCMI_IRQHandler
                0x08002164                CAN2_RX0_IRQHandler
                0x08002164                DMA2_Stream3_IRQHandler
                0x08002164                USART6_IRQHandler
                0x08002164                USART3_IRQHandler
                0x08002164                CRYP_IRQHandler
                0x08002164                CAN1_RX1_IRQHandler
                0x08002164                UART5_IRQHandler
                0x08002164                DMA2_Stream0_IRQHandler
                0x08002164                TIM4_IRQHandler
                0x08002164                I2C1_EV_IRQHandler
                0x08002164                DMA1_Stream6_IRQHandler
                0x08002164                DMA1_Stream1_IRQHandler
                0x08002164                UART4_IRQHandler
                0x08002164                TIM3_IRQHandler
                0x08002164                RCC_IRQHandler
                0x08002164                TIM8_BRK_TIM12_IRQHandler
                0x08002164                Default_Handler
                0x08002164                EXTI15_10_IRQHandler
                0x08002164                ADC_IRQHandler
                0x08002164                DMA1_Stream7_IRQHandler
                0x08002164                TIM7_IRQHandler
                0x08002164                CAN2_TX_IRQHandler
                0x08002164                TIM5_IRQHandler
                0x08002164                DMA2_Stream7_IRQHandler
                0x08002164                I2C3_EV_IRQHandler
                0x08002164                EXTI9_5_IRQHandler
                0x08002164                RTC_WKUP_IRQHandler
                0x08002164                ETH_WKUP_IRQHandler
                0x08002164                SPI2_IRQHandler
                0x08002164                OTG_HS_EP1_IN_IRQHandler
                0x08002164                MemManage_Handler
                0x08002164                DMA1_Stream0_IRQHandler
                0x08002164                CAN1_TX_IRQHandler
                0x08002164                EXTI4_IRQHandler
                0x08002164                FSMC_IRQHandler
                0x08002164                ETH_IRQHandler
                0x08002164                OTG_HS_EP1_OUT_IRQHandler
                0x08002164                WWDG_IRQHandler
                0x08002164                TIM2_IRQHandler
                0x08002164                OTG_FS_WKUP_IRQHandler
                0x08002164                TIM1_TRG_COM_TIM11_IRQHandler
                0x08002164                OTG_HS_IRQHandler
                0x08002164                EXTI1_IRQHandler
                0x08002164                I2C2_ER_IRQHandler
                0x08002164                DMA2_Stream1_IRQHandler
                0x08002164                CAN1_SCE_IRQHandler
                0x08002164                FLASH_IRQHandler
                0x08002164                DMA2_Stream4_IRQHandler
                0x08002164                BusFault_Handler
                0x08002164                OTG_FS_IRQHandler
                0x08002164                SPI3_IRQHandler
                0x08002164                DMA1_Stream4_IRQHandler
                0x08002164                I2C1_ER_IRQHandler
                0x08002164                DMA2_Stream6_IRQHandler
                0x08002164                DMA1_Stream3_IRQHandler
 .text.SystemInit
                0x08002168       0x94 obj/src/system_stm32f4xx.o
                0x08002168                SystemInit
 .text.SetSysClock
                0x080021fc      0x1e0 obj/src/system_stm32f4xx.o
 .text._sbrk_r  0x080023dc       0x90 obj/src/syscalls.o
                0x080023dc                _sbrk_r
 .text.__malloc_lock
                0x0800246c       0x14 obj/src/syscalls.o
                0x0800246c                __malloc_lock
 .text.__malloc_unlock
                0x08002480       0x14 obj/src/syscalls.o
                0x08002480                __malloc_unlock
 .text.USART2_IRQHandler
                0x08002494       0xe8 obj/src/hw_it.o
                0x08002494                USART2_IRQHandler
 .text.prvSetupHardware
                0x0800257c       0x3c obj/src/hw_config.o
                0x0800257c                prvSetupHardware
 .text.RCC_Configuration
                0x080025b8       0x50 obj/src/hw_config.o
                0x080025b8                RCC_Configuration
 .text.GPIO_Configuration
                0x08002608       0x90 obj/src/hw_config.o
                0x08002608                GPIO_Configuration
 .text.DMA_Configuration
                0x08002698       0x90 obj/src/hw_config.o
                0x08002698                DMA_Configuration
 .text.ADC_Configuration
                0x08002728       0x90 obj/src/hw_config.o
                0x08002728                ADC_Configuration
 .text.USART_Configuration
                0x080027b8       0xb0 obj/src/hw_config.o
                0x080027b8                USART_Configuration
 .text.xTimerCreateTimerTask
                0x08002868       0x60 obj/FreeRTOS/Source/timers.o
                0x08002868                xTimerCreateTimerTask
 .text.xTimerCreate
                0x080028c8       0x68 obj/FreeRTOS/Source/timers.o
                0x080028c8                xTimerCreate
 .text.xTimerGenericCommand
                0x08002930       0xac obj/FreeRTOS/Source/timers.o
                0x08002930                xTimerGenericCommand
 .text.prvProcessExpiredTimer
                0x080029dc       0x70 obj/FreeRTOS/Source/timers.o
 .text.prvTimerTask
                0x08002a4c       0x24 obj/FreeRTOS/Source/timers.o
 .text.prvProcessTimerOrBlockTask
                0x08002a70       0x74 obj/FreeRTOS/Source/timers.o
 .text.prvGetNextExpireTime
                0x08002ae4       0x50 obj/FreeRTOS/Source/timers.o
 .text.prvSampleTimeNow
                0x08002b34       0x58 obj/FreeRTOS/Source/timers.o
 .text.prvInsertTimerInActiveList
                0x08002b8c       0x94 obj/FreeRTOS/Source/timers.o
 .text.prvProcessReceivedCommands
                0x08002c20       0xf4 obj/FreeRTOS/Source/timers.o
 .text.prvSwitchTimerLists
                0x08002d14       0xdc obj/FreeRTOS/Source/timers.o
 .text.prvCheckForValidListAndQueue
                0x08002df0       0x70 obj/FreeRTOS/Source/timers.o
 .text.xTimerIsTimerActive
                0x08002e60       0x30 obj/FreeRTOS/Source/timers.o
                0x08002e60                xTimerIsTimerActive
 .text.xTaskGenericCreate
                0x08002e90      0x1ac obj/FreeRTOS/Source/tasks.o
                0x08002e90                xTaskGenericCreate
 .text.vTaskDelay
                0x0800303c       0x5c obj/FreeRTOS/Source/tasks.o
                0x0800303c                vTaskDelay
 .text.vTaskStartScheduler
                0x08003098       0x88 obj/FreeRTOS/Source/tasks.o
                0x08003098                vTaskStartScheduler
 .text.vTaskSuspendAll
                0x08003120       0x24 obj/FreeRTOS/Source/tasks.o
                0x08003120                vTaskSuspendAll
 .text.xTaskResumeAll
                0x08003144      0x154 obj/FreeRTOS/Source/tasks.o
                0x08003144                xTaskResumeAll
 .text.xTaskGetTickCount
                0x08003298       0x28 obj/FreeRTOS/Source/tasks.o
                0x08003298                xTaskGetTickCount
 .text.vTaskIncrementTick
                0x080032c0      0x1b8 obj/FreeRTOS/Source/tasks.o
                0x080032c0                vTaskIncrementTick
 .text.vTaskSwitchContext
                0x08003478      0x110 obj/FreeRTOS/Source/tasks.o
                0x08003478                vTaskSwitchContext
 .text.vTaskPlaceOnEventList
                0x08003588       0x78 obj/FreeRTOS/Source/tasks.o
                0x08003588                vTaskPlaceOnEventList
 .text.vTaskPlaceOnEventListRestricted
                0x08003600       0x54 obj/FreeRTOS/Source/tasks.o
                0x08003600                vTaskPlaceOnEventListRestricted
 .text.xTaskRemoveFromEventList
                0x08003654       0xc4 obj/FreeRTOS/Source/tasks.o
                0x08003654                xTaskRemoveFromEventList
 .text.vTaskSetTimeOutState
                0x08003718       0x30 obj/FreeRTOS/Source/tasks.o
                0x08003718                vTaskSetTimeOutState
 .text.xTaskCheckForTimeOut
                0x08003748       0xa4 obj/FreeRTOS/Source/tasks.o
                0x08003748                xTaskCheckForTimeOut
 .text.vTaskMissedYield
                0x080037ec       0x18 obj/FreeRTOS/Source/tasks.o
                0x080037ec                vTaskMissedYield
 .text.prvIdleTask
                0x08003804       0x24 obj/FreeRTOS/Source/tasks.o
 .text.prvInitialiseTCBVariables
                0x08003828       0x88 obj/FreeRTOS/Source/tasks.o
 .text.prvInitialiseTaskLists
                0x080038b0       0xa4 obj/FreeRTOS/Source/tasks.o
 .text.prvCheckTasksWaitingTermination
                0x08003954       0x98 obj/FreeRTOS/Source/tasks.o
 .text.prvAddCurrentTaskToDelayedList
                0x080039ec       0x8c obj/FreeRTOS/Source/tasks.o
 .text.prvAllocateTCBAndStack
                0x08003a78       0x74 obj/FreeRTOS/Source/tasks.o
 .text.prvDeleteTCB
                0x08003aec       0x20 obj/FreeRTOS/Source/tasks.o
 .text.xTaskGetCurrentTaskHandle
                0x08003b0c       0x20 obj/FreeRTOS/Source/tasks.o
                0x08003b0c                xTaskGetCurrentTaskHandle
 .text.xTaskGetSchedulerState
                0x08003b2c       0x48 obj/FreeRTOS/Source/tasks.o
                0x08003b2c                xTaskGetSchedulerState
 .text.vTaskPriorityInherit
                0x08003b74       0xd8 obj/FreeRTOS/Source/tasks.o
                0x08003b74                vTaskPriorityInherit
 .text.vTaskPriorityDisinherit
                0x08003c4c       0x90 obj/FreeRTOS/Source/tasks.o
                0x08003c4c                vTaskPriorityDisinherit
 .text.xQueueCreate
                0x08003cdc       0xd0 obj/FreeRTOS/Source/queue.o
                0x08003cdc                xQueueCreate
 .text.xQueueGenericSend
                0x08003dac      0x120 obj/FreeRTOS/Source/queue.o
                0x08003dac                xQueueGenericSend
 .text.xQueueGenericSendFromISR
                0x08003ecc       0x90 obj/FreeRTOS/Source/queue.o
                0x08003ecc                xQueueGenericSendFromISR
 .text.xQueueGenericReceive
                0x08003f5c      0x188 obj/FreeRTOS/Source/queue.o
                0x08003f5c                xQueueGenericReceive
 .text.prvCopyDataToQueue
                0x080040e4       0xc8 obj/FreeRTOS/Source/queue.o
 .text.prvCopyDataFromQueue
                0x080041ac       0x50 obj/FreeRTOS/Source/queue.o
 .text.prvUnlockQueue
                0x080041fc       0xa0 obj/FreeRTOS/Source/queue.o
 .text.prvIsQueueEmpty
                0x0800429c       0x2c obj/FreeRTOS/Source/queue.o
 .text.prvIsQueueFull
                0x080042c8       0x30 obj/FreeRTOS/Source/queue.o
 .text.vQueueWaitForMessageRestricted
                0x080042f8       0x5c obj/FreeRTOS/Source/queue.o
                0x080042f8                vQueueWaitForMessageRestricted
 .text.vListInitialise
                0x08004354       0x40 obj/FreeRTOS/Source/list.o
                0x08004354                vListInitialise
 .text.vListInitialiseItem
                0x08004394       0x1c obj/FreeRTOS/Source/list.o
                0x08004394                vListInitialiseItem
 .text.vListInsertEnd
                0x080043b0       0x50 obj/FreeRTOS/Source/list.o
                0x080043b0                vListInsertEnd
 .text.vListInsert
                0x08004400       0x74 obj/FreeRTOS/Source/list.o
                0x08004400                vListInsert
 .text.vListRemove
                0x08004474       0x54 obj/FreeRTOS/Source/list.o
                0x08004474                vListRemove
 .text.pxPortInitialiseStack
                0x080044c8       0x70 obj/FreeRTOS/Source/portable/GCC/ARM_CM4F/port.o
                0x080044c8                pxPortInitialiseStack
 .text.SVC_Handler
                0x08004538       0x1c obj/FreeRTOS/Source/portable/GCC/ARM_CM4F/port.o
                0x08004538                SVC_Handler
 .text.vPortStartFirstTask
                0x08004554       0x14 obj/FreeRTOS/Source/portable/GCC/ARM_CM4F/port.o
 .text.xPortStartScheduler
                0x08004568       0x70 obj/FreeRTOS/Source/portable/GCC/ARM_CM4F/port.o
                0x08004568                xPortStartScheduler
 .text.vPortYieldFromISR
                0x080045d8       0x18 obj/FreeRTOS/Source/portable/GCC/ARM_CM4F/port.o
                0x080045d8                vPortYieldFromISR
 .text.vPortEnterCritical
                0x080045f0       0x2c obj/FreeRTOS/Source/portable/GCC/ARM_CM4F/port.o
                0x080045f0                vPortEnterCritical
 .text.vPortExitCritical
                0x0800461c       0x38 obj/FreeRTOS/Source/portable/GCC/ARM_CM4F/port.o
                0x0800461c                vPortExitCritical
 .text.PendSV_Handler
                0x08004654       0x50 obj/FreeRTOS/Source/portable/GCC/ARM_CM4F/port.o
                0x08004654                PendSV_Handler
 .text.SysTick_Handler
                0x080046a4       0x38 obj/FreeRTOS/Source/portable/GCC/ARM_CM4F/port.o
                0x080046a4                SysTick_Handler
 .text.prvSetupTimerInterrupt
                0x080046dc       0x40 obj/FreeRTOS/Source/portable/GCC/ARM_CM4F/port.o
 .text.vPortEnableVFP
                0x0800471c       0x14 obj/FreeRTOS/Source/portable/GCC/ARM_CM4F/port.o
 .text.NVIC_PriorityGroupConfig
                0x08004730       0x28 obj/libs/STM32F4xx_StdPeriph_Driver/src/misc.o
                0x08004730                NVIC_PriorityGroupConfig
 .text.NVIC_Init
                0x08004758       0xe4 obj/libs/STM32F4xx_StdPeriph_Driver/src/misc.o
                0x08004758                NVIC_Init
 .text.NVIC_SetVectorTable
                0x0800483c       0x2c obj/libs/STM32F4xx_StdPeriph_Driver/src/misc.o
                0x0800483c                NVIC_SetVectorTable
 .text.ADC_DeInit
                0x08004868       0x20 obj/libs/STM32F4xx_StdPeriph_Driver/src/stm32f4xx_adc.o
                0x08004868                ADC_DeInit
 .text.ADC_Init
                0x08004888       0xb8 obj/libs/STM32F4xx_StdPeriph_Driver/src/stm32f4xx_adc.o
                0x08004888                ADC_Init
 .text.ADC_Cmd  0x08004940       0x38 obj/libs/STM32F4xx_StdPeriph_Driver/src/stm32f4xx_adc.o
                0x08004940                ADC_Cmd
 .text.ADC_RegularChannelConfig
                0x08004978      0x1bc obj/libs/STM32F4xx_StdPeriph_Driver/src/stm32f4xx_adc.o
                0x08004978                ADC_RegularChannelConfig
 .text.ADC_SoftwareStartConv
                0x08004b34       0x20 obj/libs/STM32F4xx_StdPeriph_Driver/src/stm32f4xx_adc.o
                0x08004b34                ADC_SoftwareStartConv
 .text.ADC_DMACmd
                0x08004b54       0x38 obj/libs/STM32F4xx_StdPeriph_Driver/src/stm32f4xx_adc.o
                0x08004b54                ADC_DMACmd
 .text.ADC_DMARequestAfterLastTransferCmd
                0x08004b8c       0x38 obj/libs/STM32F4xx_StdPeriph_Driver/src/stm32f4xx_adc.o
                0x08004b8c                ADC_DMARequestAfterLastTransferCmd
 .text.DMA_DeInit
                0x08004bc4      0x244 obj/libs/STM32F4xx_StdPeriph_Driver/src/stm32f4xx_dma.o
                0x08004bc4                DMA_DeInit
 .text.DMA_Init
                0x08004e08       0xb0 obj/libs/STM32F4xx_StdPeriph_Driver/src/stm32f4xx_dma.o
                0x08004e08                DMA_Init
 .text.DMA_StructInit
                0x08004eb8       0x8c obj/libs/STM32F4xx_StdPeriph_Driver/src/stm32f4xx_dma.o
                0x08004eb8                DMA_StructInit
 .text.DMA_Cmd  0x08004f44       0x38 obj/libs/STM32F4xx_StdPeriph_Driver/src/stm32f4xx_dma.o
                0x08004f44                DMA_Cmd
 .text.GPIO_Init
                0x08004f7c      0x144 obj/libs/STM32F4xx_StdPeriph_Driver/src/stm32f4xx_gpio.o
                0x08004f7c                GPIO_Init
 .text.GPIO_StructInit
                0x080050c0       0x3c obj/libs/STM32F4xx_StdPeriph_Driver/src/stm32f4xx_gpio.o
                0x080050c0                GPIO_StructInit
 .text.GPIO_PinAFConfig
                0x080050fc       0xa8 obj/libs/STM32F4xx_StdPeriph_Driver/src/stm32f4xx_gpio.o
                0x080050fc                GPIO_PinAFConfig
 .text.RCC_GetClocksFreq
                0x080051a4      0x1cc obj/libs/STM32F4xx_StdPeriph_Driver/src/stm32f4xx_rcc.o
                0x080051a4                RCC_GetClocksFreq
 .text.RCC_AHB1PeriphClockCmd
                0x08005370       0x54 obj/libs/STM32F4xx_StdPeriph_Driver/src/stm32f4xx_rcc.o
                0x08005370                RCC_AHB1PeriphClockCmd
 .text.RCC_APB1PeriphClockCmd
                0x080053c4       0x54 obj/libs/STM32F4xx_StdPeriph_Driver/src/stm32f4xx_rcc.o
                0x080053c4                RCC_APB1PeriphClockCmd
 .text.RCC_APB2PeriphClockCmd
                0x08005418       0x54 obj/libs/STM32F4xx_StdPeriph_Driver/src/stm32f4xx_rcc.o
                0x08005418                RCC_APB2PeriphClockCmd
 .text.RCC_APB2PeriphResetCmd
                0x0800546c       0x54 obj/libs/STM32F4xx_StdPeriph_Driver/src/stm32f4xx_rcc.o
                0x0800546c                RCC_APB2PeriphResetCmd
 .text.USART_Init
                0x080054c0      0x1ac obj/libs/STM32F4xx_StdPeriph_Driver/src/stm32f4xx_usart.o
                0x080054c0                USART_Init
 .text.USART_Cmd
                0x0800566c       0x40 obj/libs/STM32F4xx_StdPeriph_Driver/src/stm32f4xx_usart.o
                0x0800566c                USART_Cmd
 .text.USART_SendData
                0x080056ac       0x28 obj/libs/STM32F4xx_StdPeriph_Driver/src/stm32f4xx_usart.o
                0x080056ac                USART_SendData
 .text.USART_ReceiveData
                0x080056d4       0x24 obj/libs/STM32F4xx_StdPeriph_Driver/src/stm32f4xx_usart.o
                0x080056d4                USART_ReceiveData
 .text.USART_ITConfig
                0x080056f8       0xa4 obj/libs/STM32F4xx_StdPeriph_Driver/src/stm32f4xx_usart.o
                0x080056f8                USART_ITConfig
 .text.USART_GetFlagStatus
                0x0800579c       0x40 obj/libs/STM32F4xx_StdPeriph_Driver/src/stm32f4xx_usart.o
                0x0800579c                USART_GetFlagStatus
 .text.USART_ClearFlag
                0x080057dc       0x24 obj/libs/STM32F4xx_StdPeriph_Driver/src/stm32f4xx_usart.o
                0x080057dc                USART_ClearFlag
 .text.USART_GetITStatus
                0x08005800       0xc4 obj/libs/STM32F4xx_StdPeriph_Driver/src/stm32f4xx_usart.o
                0x08005800                USART_GetITStatus
 .text.startup  0x080058c4       0x18 /usr/local/csl/arm-2012.03/bin/../lib/gcc/arm-none-eabi/4.6.3/../../../../arm-none-eabi/lib/thumb2/libc.a(lib_a-__call_atexit.o)
 *(.rodata)
 .rodata        0x080058dc       0xa8 obj/src/main.o
 .rodata        0x08005984        0x8 obj/FreeRTOS/Source/timers.o
 .rodata        0x0800598c       0x74 obj/FreeRTOS/Source/tasks.o
 .rodata        0x08005a00        0x4 /usr/local/csl/arm-2012.03/bin/../lib/gcc/arm-none-eabi/4.6.3/../../../../arm-none-eabi/lib/thumb2/libc.a(lib_a-impure.o)
                0x08005a00                _global_impure_ptr
 .rodata        0x08005a04       0x60 /usr/local/csl/arm-2012.03/bin/../lib/gcc/arm-none-eabi/4.6.3/../../../../arm-none-eabi/lib/thumb2/libc.a(lib_a-findfp.o)
                0x08005a04                __sf_fake_stderr
                0x08005a24                __sf_fake_stdout
                0x08005a44                __sf_fake_stdin
 *(.rodata*)
 .rodata.str1.4
                0x08005a64        0x4 /usr/local/csl/arm-2012.03/bin/../lib/gcc/arm-none-eabi/4.6.3/../../../../arm-none-eabi/lib/thumb2/libc.a(lib_a-impure.o)
 *(.glue_7)
 .glue_7        0x00000000        0x0 linker stubs
 *(.glue_7t)
 .glue_7t       0x00000000        0x0 linker stubs
 *(.eh_frame)
 .eh_frame      0x08005a68        0x0 /usr/local/csl/arm-2012.03/bin/../lib/gcc/arm-none-eabi/4.6.3/thumb2/crtbegin.o
 *(.init)
 .init          0x08005a68        0x4 /usr/local/csl/arm-2012.03/bin/../lib/gcc/arm-none-eabi/4.6.3/thumb2/crti.o
                0x08005a68                _init
 .init          0x08005a6c        0x8 /usr/local/csl/arm-2012.03/bin/../lib/gcc/arm-none-eabi/4.6.3/thumb2/crtn.o
 *(.fini)
 .fini          0x08005a74        0x4 /usr/local/csl/arm-2012.03/bin/../lib/gcc/arm-none-eabi/4.6.3/thumb2/crti.o
                0x08005a74                _fini
 .fini          0x08005a78        0x8 /usr/local/csl/arm-2012.03/bin/../lib/gcc/arm-none-eabi/4.6.3/thumb2/crtn.o
                0x08005a80                . = ALIGN (0x4)
                0x08005a80                _etext = .

.vfp11_veneer   0x08005a80        0x0
 .vfp11_veneer  0x00000000        0x0 linker stubs

.v4_bx          0x08005a80        0x0
 .v4_bx         0x00000000        0x0 linker stubs

.iplt           0x08005a80        0x0
 .iplt          0x00000000        0x0 /usr/local/csl/arm-2012.03/bin/../lib/gcc/arm-none-eabi/4.6.3/thumb2/crtbegin.o

.rel.dyn        0x08005a80        0x0
 .rel.iplt      0x00000000        0x0 /usr/local/csl/arm-2012.03/bin/../lib/gcc/arm-none-eabi/4.6.3/thumb2/crtbegin.o

.ARM.extab
 *(.ARM.extab* .gnu.linkonce.armextab.*)

.ARM            0x08005a80        0x0
                0x08005a80                __exidx_start = .
 *(.ARM.exidx*)
                0x08005a80                __exidx_end = .

.preinit_array  0x08005a80        0x0
                0x08005a80                PROVIDE (__preinit_array_start, .)
 *(.preinit_array*)
                0x08005a80                PROVIDE (__preinit_array_end, .)

.init_array     0x08005a80        0x8
                0x08005a80                PROVIDE (__init_array_start, .)
 *(SORT(.init_array.*))
 .init_array.00000
                0x08005a80        0x4 /usr/local/csl/arm-2012.03/bin/../lib/gcc/arm-none-eabi/4.6.3/../../../../arm-none-eabi/lib/thumb2/libc.a(lib_a-__call_atexit.o)
 *(.init_array*)
 .init_array    0x08005a84        0x4 /usr/local/csl/arm-2012.03/bin/../lib/gcc/arm-none-eabi/4.6.3/thumb2/crtbegin.o
                0x08005a88                PROVIDE (__init_array_end, .)

.fini_array     0x08005a88        0x4
                0x08005a88                PROVIDE (__fini_array_start, .)
 *(.fini_array*)
 .fini_array    0x08005a88        0x4 /usr/local/csl/arm-2012.03/bin/../lib/gcc/arm-none-eabi/4.6.3/thumb2/crtbegin.o
 *(SORT(.fini_array.*))
                0x08005a8c                PROVIDE (__fini_array_end, .)
                0x08005a8c                _sidata = .

.data           0x20000000      0x544 load address 0x08005a8c
                0x20000000                . = ALIGN (0x4)
                0x20000000                _sdata = .
 *(.data)
 .data          0x20000000       0xf4 /usr/local/csl/arm-2012.03/bin/../lib/gcc/arm-none-eabi/4.6.3/../../../../arm-none-eabi/lib/thumb2/libc.a(lib_a-impure.o)
                0x20000000                _impure_ptr
 .data          0x200000f4      0x410 /usr/local/csl/arm-2012.03/bin/../lib/gcc/arm-none-eabi/4.6.3/../../../../arm-none-eabi/lib/thumb2/libc.a(lib_a-mallocr.o)
                0x200000f4                __malloc_av_
                0x200004fc                __malloc_sbrk_base
                0x20000500                __malloc_trim_threshold
 *(.data*)
 .data.rx_buf   0x20000504       0x10 obj/src/uart.o
 .data.tx_buf   0x20000514       0x10 obj/src/uart.o
 .data.SystemCoreClock
                0x20000524        0x4 obj/src/system_stm32f4xx.o
                0x20000524                SystemCoreClock
 .data.__malloc_margin
                0x20000528        0x4 obj/src/syscalls.o
                0x20000528                __malloc_margin
 .data.xNextTaskUnblockTime
                0x2000052c        0x4 obj/FreeRTOS/Source/tasks.o
 .data.uxCriticalNesting
                0x20000530        0x4 obj/FreeRTOS/Source/portable/GCC/ARM_CM4F/port.o
 .data.APBAHBPrescTable
                0x20000534       0x10 obj/libs/STM32F4xx_StdPeriph_Driver/src/stm32f4xx_rcc.o
                0x20000544                . = ALIGN (0x4)
                0x20000544                _edata = .

.jcr            0x20000544        0x0 load address 0x08005fd0
 .jcr           0x20000544        0x0 /usr/local/csl/arm-2012.03/bin/../lib/gcc/arm-none-eabi/4.6.3/thumb2/crtbegin.o

.igot.plt       0x20000544        0x0 load address 0x08005fd0
 .igot.plt      0x00000000        0x0 /usr/local/csl/arm-2012.03/bin/../lib/gcc/arm-none-eabi/4.6.3/thumb2/crtbegin.o
                0x20000544                . = ALIGN (0x4)

.bss            0x20000548      0x2d8 load address 0x08005fd0
                0x20000548                _sbss = .
                0x20000548                __bss_start__ = _sbss
 *(.bss)
 .bss           0x20000548       0x1c /usr/local/csl/arm-2012.03/bin/../lib/gcc/arm-none-eabi/4.6.3/thumb2/crtbegin.o
 .bss           0x20000564       0x34 /usr/local/csl/arm-2012.03/bin/../lib/gcc/arm-none-eabi/4.6.3/../../../../arm-none-eabi/lib/thumb2/libc.a(lib_a-mallocr.o)
                0x20000564                __malloc_top_pad
                0x20000568                __malloc_current_mallinfo
                0x20000590                __malloc_max_sbrked_mem
                0x20000594                __malloc_max_total_mem
 *(.bss*)
 .bss.__compound_literal.0
                0x20000598       0x80 obj/src/uart.o
 .bss.__compound_literal.1
                0x20000618       0x80 obj/src/uart.o
 .bss.uart_stats
                0x20000698        0xc obj/src/uart.o
 .bss.t0.7203   0x200006a4        0x2 obj/src/ustime.o
 *fill*         0x200006a6        0x2 00
 .bss.tickcount.7204
                0x200006a8        0x8 obj/src/ustime.o
 .bss.tick1sec  0x200006b0        0x2 obj/src/main.o
                0x200006b0                tick1sec
 .bss.tick100Hz
                0x200006b2        0x1 obj/src/main.o
                0x200006b2                tick100Hz
 *fill*         0x200006b3        0x1 00
 .bss.xHigherPriorityTaskWoken.7449
                0x200006b4        0x4 obj/src/hw_it.o
 .bss.xActiveTimerList1
                0x200006b8       0x14 obj/FreeRTOS/Source/timers.o
 .bss.xActiveTimerList2
                0x200006cc       0x14 obj/FreeRTOS/Source/timers.o
 .bss.pxCurrentTimerList
                0x200006e0        0x4 obj/FreeRTOS/Source/timers.o
 .bss.pxOverflowTimerList
                0x200006e4        0x4 obj/FreeRTOS/Source/timers.o
 .bss.xTimerQueue
                0x200006e8        0x4 obj/FreeRTOS/Source/timers.o
 .bss.xLastTime.7528
                0x200006ec        0x4 obj/FreeRTOS/Source/timers.o
 .bss.pxCurrentTCB
                0x200006f0        0x4 obj/FreeRTOS/Source/tasks.o
                0x200006f0                pxCurrentTCB
 .bss.pxReadyTasksLists
                0x200006f4       0x64 obj/FreeRTOS/Source/tasks.o
 .bss.xDelayedTaskList1
                0x20000758       0x14 obj/FreeRTOS/Source/tasks.o
 .bss.xDelayedTaskList2
                0x2000076c       0x14 obj/FreeRTOS/Source/tasks.o
 .bss.pxDelayedTaskList
                0x20000780        0x4 obj/FreeRTOS/Source/tasks.o
 .bss.pxOverflowDelayedTaskList
                0x20000784        0x4 obj/FreeRTOS/Source/tasks.o
 .bss.xPendingReadyList
                0x20000788       0x14 obj/FreeRTOS/Source/tasks.o
 .bss.xTasksWaitingTermination
                0x2000079c       0x14 obj/FreeRTOS/Source/tasks.o
 .bss.uxTasksDeleted
                0x200007b0        0x4 obj/FreeRTOS/Source/tasks.o
 .bss.xSuspendedTaskList
                0x200007b4       0x14 obj/FreeRTOS/Source/tasks.o
 .bss.xIdleTaskHandle
                0x200007c8        0x4 obj/FreeRTOS/Source/tasks.o
 .bss.uxCurrentNumberOfTasks
                0x200007cc        0x4 obj/FreeRTOS/Source/tasks.o
 .bss.xTickCount
                0x200007d0        0x4 obj/FreeRTOS/Source/tasks.o
 .bss.uxTopUsedPriority
                0x200007d4        0x4 obj/FreeRTOS/Source/tasks.o
 .bss.uxTopReadyPriority
                0x200007d8        0x4 obj/FreeRTOS/Source/tasks.o
 .bss.xSchedulerRunning
                0x200007dc        0x4 obj/FreeRTOS/Source/tasks.o
 .bss.uxSchedulerSuspended
                0x200007e0        0x4 obj/FreeRTOS/Source/tasks.o
 .bss.uxMissedTicks
                0x200007e4        0x4 obj/FreeRTOS/Source/tasks.o
 .bss.xMissedYield
                0x200007e8        0x4 obj/FreeRTOS/Source/tasks.o
 .bss.xNumOfOverflows
                0x200007ec        0x4 obj/FreeRTOS/Source/tasks.o
 .bss.uxTaskNumber
                0x200007f0        0x4 obj/FreeRTOS/Source/tasks.o
 .bss.ulTaskSwitchedInTime
                0x200007f4        0x4 obj/FreeRTOS/Source/tasks.o
 *(COMMON)
 COMMON         0x200007f8       0x24 obj/src/main.o
                0x200007f8                xQueueUARTSend
                0x200007fc                ADCConvertedValue
                0x20000800                xTimerFindMax
                0x20000804                STATE
                0x20000808                serial_tx_wait_sem
                0x2000080c                xTimer10ms
                0x20000810                xQueueUARTRecvie
                0x20000814                xTimerNoSignal
                0x20000818                xTimerADC
 COMMON         0x2000081c        0x4 obj/src/syscalls.o
                0x2000081c                __brkval
                0x20000820                . = ALIGN (0x4)
                0x20000820                _ebss = .
                0x20000820                __bss_end__ = _ebss

._user_heap_stack
                0x20000820      0x400 load address 0x08005fd0
                0x20000820                . = ALIGN (0x4)
                0x20000820                PROVIDE (end, .)
                0x20000820                PROVIDE (_end, .)
                0x20000820                . = (. + _Min_Heap_Size)
                0x20000c20                . = (. + _Min_Stack_Size)
 *fill*         0x20000820      0x400 00
                0x20000c20                . = ALIGN (0x4)

.memory_b1_text
 *(.mb1text)
 *(.mb1text*)
 *(.mb1rodata)
 *(.mb1rodata*)

/DISCARD/
 libc.a(*)
 libm.a(*)
 libgcc.a(*)

.ARM.attributes
                0x00000000       0x35
 *(.ARM.attributes)
 .ARM.attributes
                0x00000000       0x1b /usr/local/csl/arm-2012.03/bin/../lib/gcc/arm-none-eabi/4.6.3/thumb2/crti.o
 .ARM.attributes
                0x0000001b       0x2b /usr/local/csl/arm-2012.03/bin/../lib/gcc/arm-none-eabi/4.6.3/thumb2/crtbegin.o
 .ARM.attributes
                0x00000046       0x39 obj/src/uart.o
 .ARM.attributes
                0x0000007f       0x39 obj/src/ustime.o
 .ARM.attributes
                0x000000b8       0x39 obj/src/main.o
 .ARM.attributes
                0x000000f1       0x21 obj/src/startup_stm32f4xx.o
 .ARM.attributes
                0x00000112       0x39 obj/src/system_stm32f4xx.o
 .ARM.attributes
                0x0000014b       0x39 obj/src/syscalls.o
 .ARM.attributes
                0x00000184       0x39 obj/src/hw_it.o
 .ARM.attributes
                0x000001bd       0x39 obj/src/hw_config.o
 .ARM.attributes
                0x000001f6       0x39 obj/FreeRTOS/Source/timers.o
 .ARM.attributes
                0x0000022f       0x39 obj/FreeRTOS/Source/tasks.o
 .ARM.attributes
                0x00000268       0x39 obj/FreeRTOS/Source/queue.o
 .ARM.attributes
                0x000002a1       0x39 obj/FreeRTOS/Source/list.o
 .ARM.attributes
                0x000002da       0x39 obj/FreeRTOS/Source/portable/GCC/ARM_CM4F/port.o
 .ARM.attributes
                0x00000313       0x39 obj/libs/STM32F4xx_StdPeriph_Driver/src/misc.o
 .ARM.attributes
                0x0000034c       0x39 obj/libs/STM32F4xx_StdPeriph_Driver/src/stm32f4xx_adc.o
 .ARM.attributes
                0x00000385       0x39 obj/libs/STM32F4xx_StdPeriph_Driver/src/stm32f4xx_dma.o
 .ARM.attributes
                0x000003be       0x39 obj/libs/STM32F4xx_StdPeriph_Driver/src/stm32f4xx_gpio.o
 .ARM.attributes
                0x000003f7       0x39 obj/libs/STM32F4xx_StdPeriph_Driver/src/stm32f4xx_rcc.o
 .ARM.attributes
                0x00000430       0x39 obj/libs/STM32F4xx_StdPeriph_Driver/src/stm32f4xx_usart.o
 .ARM.attributes
                0x00000469       0x1b /usr/local/csl/arm-2012.03/bin/../lib/gcc/arm-none-eabi/4.6.3/thumb2/libgcc.a(_arm_addsubdf3.o)
 .ARM.attributes
                0x00000484       0x1b /usr/local/csl/arm-2012.03/bin/../lib/gcc/arm-none-eabi/4.6.3/thumb2/libgcc.a(_arm_muldivdf3.o)
 .ARM.attributes
                0x0000049f       0x1b /usr/local/csl/arm-2012.03/bin/../lib/gcc/arm-none-eabi/4.6.3/thumb2/libgcc.a(_arm_fixunsdfsi.o)
 .ARM.attributes
                0x000004ba       0x2b /usr/local/csl/arm-2012.03/bin/../lib/gcc/arm-none-eabi/4.6.3/../../../../arm-none-eabi/lib/thumb2/libc.a(lib_a-impure.o)
 .ARM.attributes
                0x000004e5       0x2b /usr/local/csl/arm-2012.03/bin/../lib/gcc/arm-none-eabi/4.6.3/../../../../arm-none-eabi/lib/thumb2/libc.a(lib_a-init.o)
 .ARM.attributes
                0x00000510       0x2b /usr/local/csl/arm-2012.03/bin/../lib/gcc/arm-none-eabi/4.6.3/../../../../arm-none-eabi/lib/thumb2/libc.a(lib_a-malloc.o)
 .ARM.attributes
                0x0000053b       0x2b /usr/local/csl/arm-2012.03/bin/../lib/gcc/arm-none-eabi/4.6.3/../../../../arm-none-eabi/lib/thumb2/libc.a(lib_a-mallocr.o)
 .ARM.attributes
                0x00000566       0x2b /usr/local/csl/arm-2012.03/bin/../lib/gcc/arm-none-eabi/4.6.3/../../../../arm-none-eabi/lib/thumb2/libc.a(lib_a-__call_atexit.o)
 .ARM.attributes
                0x00000591       0x2b /usr/local/csl/arm-2012.03/bin/../lib/gcc/arm-none-eabi/4.6.3/../../../../arm-none-eabi/lib/thumb2/libc.a(lib_a-atexit.o)
 .ARM.attributes
                0x000005bc       0x2b /usr/local/csl/arm-2012.03/bin/../lib/gcc/arm-none-eabi/4.6.3/../../../../arm-none-eabi/lib/thumb2/libc.a(lib_a-findfp.o)
 .ARM.attributes
                0x000005e7       0x2b /usr/local/csl/arm-2012.03/bin/../lib/gcc/arm-none-eabi/4.6.3/../../../../arm-none-eabi/lib/thumb2/libc.a(lib_a-fini.o)
 .ARM.attributes
                0x00000612       0x2b /usr/local/csl/arm-2012.03/bin/../lib/gcc/arm-none-eabi/4.6.3/../../../../arm-none-eabi/lib/thumb2/libc.a(lib_a-freer.o)
 .ARM.attributes
                0x0000063d       0x2b /usr/local/csl/arm-2012.03/bin/../lib/gcc/arm-none-eabi/4.6.3/../../../../arm-none-eabi/lib/thumb2/libc.a(lib_a-__atexit.o)
 .ARM.attributes
                0x00000668       0x1b /usr/local/csl/arm-2012.03/bin/../lib/gcc/arm-none-eabi/4.6.3/thumb2/crtn.o
OUTPUT(obj/STM32F4_Test.elf elf32-littlearm)

.debug_info     0x00000000     0xa7fc
 .debug_info    0x00000000     0x1350 obj/src/uart.o
 .debug_info    0x00001350      0x5fe obj/src/ustime.o
 .debug_info    0x0000194e      0xc52 obj/src/main.o
 .debug_info    0x000025a0      0x5ef obj/src/system_stm32f4xx.o
 .debug_info    0x00002b8f      0xddd obj/src/syscalls.o
 .debug_info    0x0000396c      0x2c5 obj/src/hw_it.o
 .debug_info    0x00003c31      0xdb8 obj/src/hw_config.o
 .debug_info    0x000049e9      0x76b obj/FreeRTOS/Source/timers.o
 .debug_info    0x00005154     0x1244 obj/FreeRTOS/Source/tasks.o
 .debug_info    0x00006398      0x7ba obj/FreeRTOS/Source/queue.o
 .debug_info    0x00006b52      0x2cc obj/FreeRTOS/Source/list.o
 .debug_info    0x00006e1e      0x242 obj/FreeRTOS/Source/portable/GCC/ARM_CM4F/port.o
 .debug_info    0x00007060      0x58a obj/libs/STM32F4xx_StdPeriph_Driver/src/misc.o
 .debug_info    0x000075ea      0xceb obj/libs/STM32F4xx_StdPeriph_Driver/src/stm32f4xx_adc.o
 .debug_info    0x000082d5      0x799 obj/libs/STM32F4xx_StdPeriph_Driver/src/stm32f4xx_dma.o
 .debug_info    0x00008a6e      0x62f obj/libs/STM32F4xx_StdPeriph_Driver/src/stm32f4xx_gpio.o
 .debug_info    0x0000909d      0xd1a obj/libs/STM32F4xx_StdPeriph_Driver/src/stm32f4xx_rcc.o
 .debug_info    0x00009db7      0xa45 obj/libs/STM32F4xx_StdPeriph_Driver/src/stm32f4xx_usart.o

.debug_abbrev   0x00000000     0x1a26
 .debug_abbrev  0x00000000      0x220 obj/src/uart.o
 .debug_abbrev  0x00000220      0x11b obj/src/ustime.o
 .debug_abbrev  0x0000033b      0x24a obj/src/main.o
 .debug_abbrev  0x00000585      0x131 obj/src/system_stm32f4xx.o
 .debug_abbrev  0x000006b6      0x1fe obj/src/syscalls.o
 .debug_abbrev  0x000008b4      0x12f obj/src/hw_it.o
 .debug_abbrev  0x000009e3      0x135 obj/src/hw_config.o
 .debug_abbrev  0x00000b18      0x143 obj/FreeRTOS/Source/timers.o
 .debug_abbrev  0x00000c5b      0x1c5 obj/FreeRTOS/Source/tasks.o
 .debug_abbrev  0x00000e20      0x13c obj/FreeRTOS/Source/queue.o
 .debug_abbrev  0x00000f5c       0xb4 obj/FreeRTOS/Source/list.o
 .debug_abbrev  0x00001010      0x186 obj/FreeRTOS/Source/portable/GCC/ARM_CM4F/port.o
 .debug_abbrev  0x00001196      0x128 obj/libs/STM32F4xx_StdPeriph_Driver/src/misc.o
 .debug_abbrev  0x000012be      0x18b obj/libs/STM32F4xx_StdPeriph_Driver/src/stm32f4xx_adc.o
 .debug_abbrev  0x00001449      0x150 obj/libs/STM32F4xx_StdPeriph_Driver/src/stm32f4xx_dma.o
 .debug_abbrev  0x00001599      0x184 obj/libs/STM32F4xx_StdPeriph_Driver/src/stm32f4xx_gpio.o
 .debug_abbrev  0x0000171d      0x1b9 obj/libs/STM32F4xx_StdPeriph_Driver/src/stm32f4xx_rcc.o
 .debug_abbrev  0x000018d6      0x150 obj/libs/STM32F4xx_StdPeriph_Driver/src/stm32f4xx_usart.o

.debug_loc      0x00000000     0x408f
 .debug_loc     0x00000000      0x1b4 obj/src/uart.o
 .debug_loc     0x000001b4       0xe0 obj/src/ustime.o
 .debug_loc     0x00000294      0x597 obj/src/main.o
 .debug_loc     0x0000082b       0x9c obj/src/system_stm32f4xx.o
 .debug_loc     0x000008c7      0x2a0 obj/src/syscalls.o
 .debug_loc     0x00000b67       0xa8 obj/src/hw_it.o
 .debug_loc     0x00000c0f      0x172 obj/src/hw_config.o
 .debug_loc     0x00000d81      0x304 obj/FreeRTOS/Source/timers.o
 .debug_loc     0x00001085      0x966 obj/FreeRTOS/Source/tasks.o
 .debug_loc     0x000019eb      0x3b8 obj/FreeRTOS/Source/queue.o
 .debug_loc     0x00001da3      0x118 obj/FreeRTOS/Source/list.o
 .debug_loc     0x00001ebb      0x178 obj/FreeRTOS/Source/portable/GCC/ARM_CM4F/port.o
 .debug_loc     0x00002033      0x118 obj/libs/STM32F4xx_StdPeriph_Driver/src/misc.o
 .debug_loc     0x0000214b      0x838 obj/libs/STM32F4xx_StdPeriph_Driver/src/stm32f4xx_adc.o
 .debug_loc     0x00002983      0x428 obj/libs/STM32F4xx_StdPeriph_Driver/src/stm32f4xx_dma.o
 .debug_loc     0x00002dab      0x310 obj/libs/STM32F4xx_StdPeriph_Driver/src/stm32f4xx_gpio.o
 .debug_loc     0x000030bb      0x97c obj/libs/STM32F4xx_StdPeriph_Driver/src/stm32f4xx_rcc.o
 .debug_loc     0x00003a37      0x658 obj/libs/STM32F4xx_StdPeriph_Driver/src/stm32f4xx_usart.o

.debug_aranges  0x00000000      0xb28
 .debug_aranges
                0x00000000       0x58 obj/src/uart.o
 .debug_aranges
                0x00000058       0x38 obj/src/ustime.o
 .debug_aranges
                0x00000090       0xe0 obj/src/main.o
 .debug_aranges
                0x00000170       0x30 obj/src/system_stm32f4xx.o
 .debug_aranges
                0x000001a0       0x78 obj/src/syscalls.o
 .debug_aranges
                0x00000218       0x30 obj/src/hw_it.o
 .debug_aranges
                0x00000248       0x50 obj/src/hw_config.o
 .debug_aranges
                0x00000298       0x88 obj/FreeRTOS/Source/timers.o
 .debug_aranges
                0x00000320      0x178 obj/FreeRTOS/Source/tasks.o
 .debug_aranges
                0x00000498       0xa0 obj/FreeRTOS/Source/queue.o
 .debug_aranges
                0x00000538       0x40 obj/FreeRTOS/Source/list.o
 .debug_aranges
                0x00000578       0x78 obj/FreeRTOS/Source/portable/GCC/ARM_CM4F/port.o
 .debug_aranges
                0x000005f0       0x40 obj/libs/STM32F4xx_StdPeriph_Driver/src/misc.o
 .debug_aranges
                0x00000630      0x148 obj/libs/STM32F4xx_StdPeriph_Driver/src/stm32f4xx_adc.o
 .debug_aranges
                0x00000778       0xb0 obj/libs/STM32F4xx_StdPeriph_Driver/src/stm32f4xx_dma.o
 .debug_aranges
                0x00000828       0x88 obj/libs/STM32F4xx_StdPeriph_Driver/src/stm32f4xx_gpio.o
 .debug_aranges
                0x000008b0      0x178 obj/libs/STM32F4xx_StdPeriph_Driver/src/stm32f4xx_rcc.o
 .debug_aranges
                0x00000a28      0x100 obj/libs/STM32F4xx_StdPeriph_Driver/src/stm32f4xx_usart.o

.debug_ranges   0x00000000      0xa20
 .debug_ranges  0x00000000       0x48 obj/src/uart.o
 .debug_ranges  0x00000048       0x40 obj/src/ustime.o
 .debug_ranges  0x00000088       0xd0 obj/src/main.o
 .debug_ranges  0x00000158       0x20 obj/src/system_stm32f4xx.o
 .debug_ranges  0x00000178       0x68 obj/src/syscalls.o
 .debug_ranges  0x000001e0       0x20 obj/src/hw_it.o
 .debug_ranges  0x00000200       0x40 obj/src/hw_config.o
 .debug_ranges  0x00000240       0x78 obj/FreeRTOS/Source/timers.o
 .debug_ranges  0x000002b8      0x168 obj/FreeRTOS/Source/tasks.o
 .debug_ranges  0x00000420       0x90 obj/FreeRTOS/Source/queue.o
 .debug_ranges  0x000004b0       0x30 obj/FreeRTOS/Source/list.o
 .debug_ranges  0x000004e0       0x68 obj/FreeRTOS/Source/portable/GCC/ARM_CM4F/port.o
 .debug_ranges  0x00000548       0x30 obj/libs/STM32F4xx_StdPeriph_Driver/src/misc.o
 .debug_ranges  0x00000578      0x138 obj/libs/STM32F4xx_StdPeriph_Driver/src/stm32f4xx_adc.o
 .debug_ranges  0x000006b0       0xa0 obj/libs/STM32F4xx_StdPeriph_Driver/src/stm32f4xx_dma.o
 .debug_ranges  0x00000750       0x78 obj/libs/STM32F4xx_StdPeriph_Driver/src/stm32f4xx_gpio.o
 .debug_ranges  0x000007c8      0x168 obj/libs/STM32F4xx_StdPeriph_Driver/src/stm32f4xx_rcc.o
 .debug_ranges  0x00000930       0xf0 obj/libs/STM32F4xx_StdPeriph_Driver/src/stm32f4xx_usart.o

.debug_line     0x00000000     0x3b6d
 .debug_line    0x00000000      0x338 obj/src/uart.o
 .debug_line    0x00000338      0x178 obj/src/ustime.o
 .debug_line    0x000004b0      0x5fd obj/src/main.o
 .debug_line    0x00000aad      0x17d obj/src/system_stm32f4xx.o
 .debug_line    0x00000c2a      0x2c7 obj/src/syscalls.o
 .debug_line    0x00000ef1      0x1c3 obj/src/hw_it.o
 .debug_line    0x000010b4      0x261 obj/src/hw_config.o
 .debug_line    0x00001315      0x2f4 obj/FreeRTOS/Source/timers.o
 .debug_line    0x00001609      0x83e obj/FreeRTOS/Source/tasks.o
 .debug_line    0x00001e47      0x3f6 obj/FreeRTOS/Source/queue.o
 .debug_line    0x0000223d      0x1b3 obj/FreeRTOS/Source/list.o
 .debug_line    0x000023f0      0x26e obj/FreeRTOS/Source/portable/GCC/ARM_CM4F/port.o
 .debug_line    0x0000265e      0x19f obj/libs/STM32F4xx_StdPeriph_Driver/src/misc.o
 .debug_line    0x000027fd      0x4ae obj/libs/STM32F4xx_StdPeriph_Driver/src/stm32f4xx_adc.o
 .debug_line    0x00002cab      0x336 obj/libs/STM32F4xx_StdPeriph_Driver/src/stm32f4xx_dma.o
 .debug_line    0x00002fe1      0x299 obj/libs/STM32F4xx_StdPeriph_Driver/src/stm32f4xx_gpio.o
 .debug_line    0x0000327a      0x4f5 obj/libs/STM32F4xx_StdPeriph_Driver/src/stm32f4xx_rcc.o
 .debug_line    0x0000376f      0x3fe obj/libs/STM32F4xx_StdPeriph_Driver/src/stm32f4xx_usart.o

.debug_str      0x00000000     0x3db8
 .debug_str     0x00000000      0xd74 obj/src/uart.o
                                0xdfc (size before relaxing)
 .debug_str     0x00000d74      0x143 obj/src/ustime.o
                                0x312 (size before relaxing)
 .debug_str     0x00000eb7      0x37d obj/src/main.o
                                0x4fa (size before relaxing)
 .debug_str     0x00001234      0x104 obj/src/system_stm32f4xx.o
                                0x2f4 (size before relaxing)
 .debug_str     0x00001338      0x185 obj/src/syscalls.o
                                0x643 (size before relaxing)
 .debug_str     0x000014bd       0x38 obj/src/hw_it.o
                                0x210 (size before relaxing)
 .debug_str     0x000014f5      0x419 obj/src/hw_config.o
                                0xd83 (size before relaxing)
 .debug_str     0x0000190e      0x3e0 obj/FreeRTOS/Source/timers.o
                                0x518 (size before relaxing)
 .debug_str     0x00001cee      0x944 obj/FreeRTOS/Source/tasks.o
                                0xaec (size before relaxing)
 .debug_str     0x00002632      0x2b1 obj/FreeRTOS/Source/queue.o
                                0x4b7 (size before relaxing)
 .debug_str     0x000028e3       0xa3 obj/FreeRTOS/Source/list.o
                                0x20e (size before relaxing)
 .debug_str     0x00002986      0x137 obj/FreeRTOS/Source/portable/GCC/ARM_CM4F/port.o
                                0x244 (size before relaxing)
 .debug_str     0x00002abd      0x14e obj/libs/STM32F4xx_StdPeriph_Driver/src/misc.o
                                0x33d (size before relaxing)
 .debug_str     0x00002c0b      0x547 obj/libs/STM32F4xx_StdPeriph_Driver/src/stm32f4xx_adc.o
                                0x768 (size before relaxing)
 .debug_str     0x00003152      0x24c obj/libs/STM32F4xx_StdPeriph_Driver/src/stm32f4xx_dma.o
                                0x4b0 (size before relaxing)
 .debug_str     0x0000339e      0x18e obj/libs/STM32F4xx_StdPeriph_Driver/src/stm32f4xx_gpio.o
                                0x407 (size before relaxing)
 .debug_str     0x0000352c      0x4f7 obj/libs/STM32F4xx_StdPeriph_Driver/src/stm32f4xx_rcc.o
                                0x7b4 (size before relaxing)
 .debug_str     0x00003a23      0x395 obj/libs/STM32F4xx_StdPeriph_Driver/src/stm32f4xx_usart.o
                                0x5f3 (size before relaxing)

.comment        0x00000000       0x30
 .comment       0x00000000       0x30 obj/src/uart.o
                                 0x31 (size before relaxing)
 .comment       0x00000000       0x31 obj/src/ustime.o
 .comment       0x00000000       0x31 obj/src/main.o
 .comment       0x00000000       0x31 obj/src/system_stm32f4xx.o
 .comment       0x00000000       0x31 obj/src/syscalls.o
 .comment       0x00000000       0x31 obj/src/hw_it.o
 .comment       0x00000000       0x31 obj/src/hw_config.o
 .comment       0x00000000       0x31 obj/FreeRTOS/Source/timers.o
 .comment       0x00000000       0x31 obj/FreeRTOS/Source/tasks.o
 .comment       0x00000000       0x31 obj/FreeRTOS/Source/queue.o
 .comment       0x00000000       0x31 obj/FreeRTOS/Source/list.o
 .comment       0x00000000       0x31 obj/FreeRTOS/Source/portable/GCC/ARM_CM4F/port.o
 .comment       0x00000000       0x31 obj/libs/STM32F4xx_StdPeriph_Driver/src/misc.o
 .comment       0x00000000       0x31 obj/libs/STM32F4xx_StdPeriph_Driver/src/stm32f4xx_adc.o
 .comment       0x00000000       0x31 obj/libs/STM32F4xx_StdPeriph_Driver/src/stm32f4xx_dma.o
 .comment       0x00000000       0x31 obj/libs/STM32F4xx_StdPeriph_Driver/src/stm32f4xx_gpio.o
 .comment       0x00000000       0x31 obj/libs/STM32F4xx_StdPeriph_Driver/src/stm32f4xx_rcc.o
 .comment       0x00000000       0x31 obj/libs/STM32F4xx_StdPeriph_Driver/src/stm32f4xx_usart.o

.debug_frame    0x00000000     0x26a4
 .debug_frame   0x00000000      0x108 obj/src/uart.o
 .debug_frame   0x00000108       0x8c obj/src/ustime.o
 .debug_frame   0x00000194      0x324 obj/src/main.o
 .debug_frame   0x000004b8       0x64 obj/src/system_stm32f4xx.o
 .debug_frame   0x0000051c      0x174 obj/src/syscalls.o
 .debug_frame   0x00000690       0x74 obj/src/hw_it.o
 .debug_frame   0x00000704       0xe8 obj/src/hw_config.o
 .debug_frame   0x000007ec      0x1c4 obj/FreeRTOS/Source/timers.o
 .debug_frame   0x000009b0      0x57c obj/FreeRTOS/Source/tasks.o
 .debug_frame   0x00000f2c      0x224 obj/FreeRTOS/Source/queue.o
 .debug_frame   0x00001150       0x9c obj/FreeRTOS/Source/list.o
 .debug_frame   0x000011ec      0x134 obj/FreeRTOS/Source/portable/GCC/ARM_CM4F/port.o
 .debug_frame   0x00001320       0x9c obj/libs/STM32F4xx_StdPeriph_Driver/src/misc.o
 .debug_frame   0x000013bc      0x438 obj/libs/STM32F4xx_StdPeriph_Driver/src/stm32f4xx_adc.o
 .debug_frame   0x000017f4      0x224 obj/libs/STM32F4xx_StdPeriph_Driver/src/stm32f4xx_dma.o
 .debug_frame   0x00001a18      0x19c obj/libs/STM32F4xx_StdPeriph_Driver/src/stm32f4xx_gpio.o
 .debug_frame   0x00001bb4      0x4e4 obj/libs/STM32F4xx_StdPeriph_Driver/src/stm32f4xx_rcc.o
 .debug_frame   0x00002098      0x344 obj/libs/STM32F4xx_StdPeriph_Driver/src/stm32f4xx_usart.o
 .debug_frame   0x000023dc       0x2c /usr/local/csl/arm-2012.03/bin/../lib/gcc/arm-none-eabi/4.6.3/../../../../arm-none-eabi/lib/thumb2/libc.a(lib_a-init.o)
 .debug_frame   0x00002408       0x30 /usr/local/csl/arm-2012.03/bin/../lib/gcc/arm-none-eabi/4.6.3/../../../../arm-none-eabi/lib/thumb2/libc.a(lib_a-malloc.o)
 .debug_frame   0x00002438       0x38 /usr/local/csl/arm-2012.03/bin/../lib/gcc/arm-none-eabi/4.6.3/../../../../arm-none-eabi/lib/thumb2/libc.a(lib_a-mallocr.o)
 .debug_frame   0x00002470       0x48 /usr/local/csl/arm-2012.03/bin/../lib/gcc/arm-none-eabi/4.6.3/../../../../arm-none-eabi/lib/thumb2/libc.a(lib_a-__call_atexit.o)
 .debug_frame   0x000024b8       0x20 /usr/local/csl/arm-2012.03/bin/../lib/gcc/arm-none-eabi/4.6.3/../../../../arm-none-eabi/lib/thumb2/libc.a(lib_a-atexit.o)
 .debug_frame   0x000024d8      0x11c /usr/local/csl/arm-2012.03/bin/../lib/gcc/arm-none-eabi/4.6.3/../../../../arm-none-eabi/lib/thumb2/libc.a(lib_a-findfp.o)
 .debug_frame   0x000025f4       0x2c /usr/local/csl/arm-2012.03/bin/../lib/gcc/arm-none-eabi/4.6.3/../../../../arm-none-eabi/lib/thumb2/libc.a(lib_a-fini.o)
 .debug_frame   0x00002620       0x50 /usr/local/csl/arm-2012.03/bin/../lib/gcc/arm-none-eabi/4.6.3/../../../../arm-none-eabi/lib/thumb2/libc.a(lib_a-freer.o)
 .debug_frame   0x00002670       0x34 /usr/local/csl/arm-2012.03/bin/../lib/gcc/arm-none-eabi/4.6.3/../../../../arm-none-eabi/lib/thumb2/libc.a(lib_a-__atexit.o)

Cross Reference Table

Symbol                                            File
ADCConvertedValue                                 obj/src/hw_config.o
                                                  obj/src/main.o
ADC_AnalogWatchdogCmd                             obj/libs/STM32F4xx_StdPeriph_Driver/src/stm32f4xx_adc.o
ADC_AnalogWatchdogSingleChannelConfig             obj/libs/STM32F4xx_StdPeriph_Driver/src/stm32f4xx_adc.o
ADC_AnalogWatchdogThresholdsConfig                obj/libs/STM32F4xx_StdPeriph_Driver/src/stm32f4xx_adc.o
ADC_AutoInjectedConvCmd                           obj/libs/STM32F4xx_StdPeriph_Driver/src/stm32f4xx_adc.o
ADC_ClearFlag                                     obj/libs/STM32F4xx_StdPeriph_Driver/src/stm32f4xx_adc.o
ADC_ClearITPendingBit                             obj/libs/STM32F4xx_StdPeriph_Driver/src/stm32f4xx_adc.o
ADC_Cmd                                           obj/libs/STM32F4xx_StdPeriph_Driver/src/stm32f4xx_adc.o
                                                  obj/src/hw_config.o
ADC_CommonInit                                    obj/libs/STM32F4xx_StdPeriph_Driver/src/stm32f4xx_adc.o
ADC_CommonStructInit                              obj/libs/STM32F4xx_StdPeriph_Driver/src/stm32f4xx_adc.o
ADC_Configuration                                 obj/src/hw_config.o
ADC_ContinuousModeCmd                             obj/libs/STM32F4xx_StdPeriph_Driver/src/stm32f4xx_adc.o
ADC_DMACmd                                        obj/libs/STM32F4xx_StdPeriph_Driver/src/stm32f4xx_adc.o
                                                  obj/src/hw_config.o
ADC_DMARequestAfterLastTransferCmd                obj/libs/STM32F4xx_StdPeriph_Driver/src/stm32f4xx_adc.o
                                                  obj/src/hw_config.o
ADC_DeInit                                        obj/libs/STM32F4xx_StdPeriph_Driver/src/stm32f4xx_adc.o
                                                  obj/src/hw_config.o
ADC_DiscModeChannelCountConfig                    obj/libs/STM32F4xx_StdPeriph_Driver/src/stm32f4xx_adc.o
ADC_DiscModeCmd                                   obj/libs/STM32F4xx_StdPeriph_Driver/src/stm32f4xx_adc.o
ADC_EOCOnEachRegularChannelCmd                    obj/libs/STM32F4xx_StdPeriph_Driver/src/stm32f4xx_adc.o
ADC_ExternalTrigInjectedConvConfig                obj/libs/STM32F4xx_StdPeriph_Driver/src/stm32f4xx_adc.o
ADC_ExternalTrigInjectedConvEdgeConfig            obj/libs/STM32F4xx_StdPeriph_Driver/src/stm32f4xx_adc.o
ADC_GetConversionValue                            obj/libs/STM32F4xx_StdPeriph_Driver/src/stm32f4xx_adc.o
ADC_GetFlagStatus                                 obj/libs/STM32F4xx_StdPeriph_Driver/src/stm32f4xx_adc.o
ADC_GetITStatus                                   obj/libs/STM32F4xx_StdPeriph_Driver/src/stm32f4xx_adc.o
ADC_GetInjectedConversionValue                    obj/libs/STM32F4xx_StdPeriph_Driver/src/stm32f4xx_adc.o
ADC_GetMultiModeConversionValue                   obj/libs/STM32F4xx_StdPeriph_Driver/src/stm32f4xx_adc.o
ADC_GetSoftwareStartConvStatus                    obj/libs/STM32F4xx_StdPeriph_Driver/src/stm32f4xx_adc.o
ADC_GetSoftwareStartInjectedConvCmdStatus         obj/libs/STM32F4xx_StdPeriph_Driver/src/stm32f4xx_adc.o
ADC_IRQHandler                                    obj/src/startup_stm32f4xx.o
ADC_ITConfig                                      obj/libs/STM32F4xx_StdPeriph_Driver/src/stm32f4xx_adc.o
ADC_Init                                          obj/libs/STM32F4xx_StdPeriph_Driver/src/stm32f4xx_adc.o
                                                  obj/src/hw_config.o
ADC_InjectedChannelConfig                         obj/libs/STM32F4xx_StdPeriph_Driver/src/stm32f4xx_adc.o
ADC_InjectedDiscModeCmd                           obj/libs/STM32F4xx_StdPeriph_Driver/src/stm32f4xx_adc.o
ADC_InjectedSequencerLengthConfig                 obj/libs/STM32F4xx_StdPeriph_Driver/src/stm32f4xx_adc.o
ADC_MultiModeDMARequestAfterLastTransferCmd       obj/libs/STM32F4xx_StdPeriph_Driver/src/stm32f4xx_adc.o
ADC_RegularChannelConfig                          obj/libs/STM32F4xx_StdPeriph_Driver/src/stm32f4xx_adc.o
                                                  obj/src/hw_config.o
ADC_SetInjectedOffset                             obj/libs/STM32F4xx_StdPeriph_Driver/src/stm32f4xx_adc.o
ADC_SoftwareStartConv                             obj/libs/STM32F4xx_StdPeriph_Driver/src/stm32f4xx_adc.o
                                                  obj/src/hw_config.o
ADC_SoftwareStartInjectedConv                     obj/libs/STM32F4xx_StdPeriph_Driver/src/stm32f4xx_adc.o
ADC_StructInit                                    obj/libs/STM32F4xx_StdPeriph_Driver/src/stm32f4xx_adc.o
ADC_TempSensorVrefintCmd                          obj/libs/STM32F4xx_StdPeriph_Driver/src/stm32f4xx_adc.o
ADC_VBATCmd                                       obj/libs/STM32F4xx_StdPeriph_Driver/src/stm32f4xx_adc.o
AHBPrescTable                                     obj/src/system_stm32f4xx.o
BUTTON_CLK                                        obj/src/stm32f4_discovery.o
BUTTON_EXTI_LINE                                  obj/src/stm32f4_discovery.o
BUTTON_IRQn                                       obj/src/stm32f4_discovery.o
BUTTON_PIN                                        obj/src/stm32f4_discovery.o
BUTTON_PIN_SOURCE                                 obj/src/stm32f4_discovery.o
BUTTON_PORT                                       obj/src/stm32f4_discovery.o
BUTTON_PORT_SOURCE                                obj/src/stm32f4_discovery.o
BusFault_Handler                                  obj/src/startup_stm32f4xx.o
CAN1_RX0_IRQHandler                               obj/src/startup_stm32f4xx.o
CAN1_RX1_IRQHandler                               obj/src/startup_stm32f4xx.o
CAN1_SCE_IRQHandler                               obj/src/startup_stm32f4xx.o
CAN1_TX_IRQHandler                                obj/src/startup_stm32f4xx.o
CAN2_RX0_IRQHandler                               obj/src/startup_stm32f4xx.o
CAN2_RX1_IRQHandler                               obj/src/startup_stm32f4xx.o
CAN2_SCE_IRQHandler                               obj/src/startup_stm32f4xx.o
CAN2_TX_IRQHandler                                obj/src/startup_stm32f4xx.o
CAN_CancelTransmit                                obj/libs/STM32F4xx_StdPeriph_Driver/src/stm32f4xx_can.o
CAN_ClearFlag                                     obj/libs/STM32F4xx_StdPeriph_Driver/src/stm32f4xx_can.o
CAN_ClearITPendingBit                             obj/libs/STM32F4xx_StdPeriph_Driver/src/stm32f4xx_can.o
CAN_DBGFreeze                                     obj/libs/STM32F4xx_StdPeriph_Driver/src/stm32f4xx_can.o
CAN_DeInit                                        obj/libs/STM32F4xx_StdPeriph_Driver/src/stm32f4xx_can.o
CAN_FIFORelease                                   obj/libs/STM32F4xx_StdPeriph_Driver/src/stm32f4xx_can.o
CAN_FilterInit                                    obj/libs/STM32F4xx_StdPeriph_Driver/src/stm32f4xx_can.o
CAN_GetFlagStatus                                 obj/libs/STM32F4xx_StdPeriph_Driver/src/stm32f4xx_can.o
CAN_GetITStatus                                   obj/libs/STM32F4xx_StdPeriph_Driver/src/stm32f4xx_can.o
CAN_GetLSBTransmitErrorCounter                    obj/libs/STM32F4xx_StdPeriph_Driver/src/stm32f4xx_can.o
CAN_GetLastErrorCode                              obj/libs/STM32F4xx_StdPeriph_Driver/src/stm32f4xx_can.o
CAN_GetReceiveErrorCounter                        obj/libs/STM32F4xx_StdPeriph_Driver/src/stm32f4xx_can.o
CAN_ITConfig                                      obj/libs/STM32F4xx_StdPeriph_Driver/src/stm32f4xx_can.o
CAN_Init                                          obj/libs/STM32F4xx_StdPeriph_Driver/src/stm32f4xx_can.o
CAN_MessagePending                                obj/libs/STM32F4xx_StdPeriph_Driver/src/stm32f4xx_can.o
CAN_OperatingModeRequest                          obj/libs/STM32F4xx_StdPeriph_Driver/src/stm32f4xx_can.o
CAN_Receive                                       obj/libs/STM32F4xx_StdPeriph_Driver/src/stm32f4xx_can.o
CAN_SlaveStartBank                                obj/libs/STM32F4xx_StdPeriph_Driver/src/stm32f4xx_can.o
CAN_Sleep                                         obj/libs/STM32F4xx_StdPeriph_Driver/src/stm32f4xx_can.o
CAN_StructInit                                    obj/libs/STM32F4xx_StdPeriph_Driver/src/stm32f4xx_can.o
CAN_TTComModeCmd                                  obj/libs/STM32F4xx_StdPeriph_Driver/src/stm32f4xx_can.o
CAN_Transmit                                      obj/libs/STM32F4xx_StdPeriph_Driver/src/stm32f4xx_can.o
CAN_TransmitStatus                                obj/libs/STM32F4xx_StdPeriph_Driver/src/stm32f4xx_can.o
CAN_WakeUp                                        obj/libs/STM32F4xx_StdPeriph_Driver/src/stm32f4xx_can.o
CMD_TYPE                                          obj/src/shell.o
CRC_CalcBlockCRC                                  obj/libs/STM32F4xx_StdPeriph_Driver/src/stm32f4xx_crc.o
CRC_CalcCRC                                       obj/libs/STM32F4xx_StdPeriph_Driver/src/stm32f4xx_crc.o
CRC_GetCRC                                        obj/libs/STM32F4xx_StdPeriph_Driver/src/stm32f4xx_crc.o
CRC_GetIDRegister                                 obj/libs/STM32F4xx_StdPeriph_Driver/src/stm32f4xx_crc.o
CRC_ResetDR                                       obj/libs/STM32F4xx_StdPeriph_Driver/src/stm32f4xx_crc.o
CRC_SetIDRegister                                 obj/libs/STM32F4xx_StdPeriph_Driver/src/stm32f4xx_crc.o
CRYP_AES_CBC                                      obj/libs/STM32F4xx_StdPeriph_Driver/src/stm32f4xx_cryp_aes.o
CRYP_AES_CTR                                      obj/libs/STM32F4xx_StdPeriph_Driver/src/stm32f4xx_cryp_aes.o
CRYP_AES_ECB                                      obj/libs/STM32F4xx_StdPeriph_Driver/src/stm32f4xx_cryp_aes.o
CRYP_Cmd                                          obj/libs/STM32F4xx_StdPeriph_Driver/src/stm32f4xx_cryp.o
                                                  obj/libs/STM32F4xx_StdPeriph_Driver/src/stm32f4xx_cryp_tdes.o
                                                  obj/libs/STM32F4xx_StdPeriph_Driver/src/stm32f4xx_cryp_des.o
                                                  obj/libs/STM32F4xx_StdPeriph_Driver/src/stm32f4xx_cryp_aes.o
CRYP_DES_CBC                                      obj/libs/STM32F4xx_StdPeriph_Driver/src/stm32f4xx_cryp_des.o
CRYP_DES_ECB                                      obj/libs/STM32F4xx_StdPeriph_Driver/src/stm32f4xx_cryp_des.o
CRYP_DMACmd                                       obj/libs/STM32F4xx_StdPeriph_Driver/src/stm32f4xx_cryp.o
CRYP_DataIn                                       obj/libs/STM32F4xx_StdPeriph_Driver/src/stm32f4xx_cryp.o
                                                  obj/libs/STM32F4xx_StdPeriph_Driver/src/stm32f4xx_cryp_tdes.o
                                                  obj/libs/STM32F4xx_StdPeriph_Driver/src/stm32f4xx_cryp_des.o
                                                  obj/libs/STM32F4xx_StdPeriph_Driver/src/stm32f4xx_cryp_aes.o
CRYP_DataOut                                      obj/libs/STM32F4xx_StdPeriph_Driver/src/stm32f4xx_cryp.o
                                                  obj/libs/STM32F4xx_StdPeriph_Driver/src/stm32f4xx_cryp_tdes.o
                                                  obj/libs/STM32F4xx_StdPeriph_Driver/src/stm32f4xx_cryp_des.o
                                                  obj/libs/STM32F4xx_StdPeriph_Driver/src/stm32f4xx_cryp_aes.o
CRYP_DeInit                                       obj/libs/STM32F4xx_StdPeriph_Driver/src/stm32f4xx_cryp.o
CRYP_FIFOFlush                                    obj/libs/STM32F4xx_StdPeriph_Driver/src/stm32f4xx_cryp.o
                                                  obj/libs/STM32F4xx_StdPeriph_Driver/src/stm32f4xx_cryp_tdes.o
                                                  obj/libs/STM32F4xx_StdPeriph_Driver/src/stm32f4xx_cryp_des.o
                                                  obj/libs/STM32F4xx_StdPeriph_Driver/src/stm32f4xx_cryp_aes.o
CRYP_GetFlagStatus                                obj/libs/STM32F4xx_StdPeriph_Driver/src/stm32f4xx_cryp.o
                                                  obj/libs/STM32F4xx_StdPeriph_Driver/src/stm32f4xx_cryp_tdes.o
                                                  obj/libs/STM32F4xx_StdPeriph_Driver/src/stm32f4xx_cryp_des.o
                                                  obj/libs/STM32F4xx_StdPeriph_Driver/src/stm32f4xx_cryp_aes.o
CRYP_GetITStatus                                  obj/libs/STM32F4xx_StdPeriph_Driver/src/stm32f4xx_cryp.o
CRYP_IRQHandler                                   obj/src/startup_stm32f4xx.o
CRYP_ITConfig                                     obj/libs/STM32F4xx_StdPeriph_Driver/src/stm32f4xx_cryp.o
CRYP_IVInit                                       obj/libs/STM32F4xx_StdPeriph_Driver/src/stm32f4xx_cryp.o
                                                  obj/libs/STM32F4xx_StdPeriph_Driver/src/stm32f4xx_cryp_tdes.o
                                                  obj/libs/STM32F4xx_StdPeriph_Driver/src/stm32f4xx_cryp_des.o
                                                  obj/libs/STM32F4xx_StdPeriph_Driver/src/stm32f4xx_cryp_aes.o
CRYP_IVStructInit                                 obj/libs/STM32F4xx_StdPeriph_Driver/src/stm32f4xx_cryp.o
CRYP_Init                                         obj/libs/STM32F4xx_StdPeriph_Driver/src/stm32f4xx_cryp.o
                                                  obj/libs/STM32F4xx_StdPeriph_Driver/src/stm32f4xx_cryp_tdes.o
                                                  obj/libs/STM32F4xx_StdPeriph_Driver/src/stm32f4xx_cryp_des.o
                                                  obj/libs/STM32F4xx_StdPeriph_Driver/src/stm32f4xx_cryp_aes.o
CRYP_KeyInit                                      obj/libs/STM32F4xx_StdPeriph_Driver/src/stm32f4xx_cryp.o
                                                  obj/libs/STM32F4xx_StdPeriph_Driver/src/stm32f4xx_cryp_tdes.o
                                                  obj/libs/STM32F4xx_StdPeriph_Driver/src/stm32f4xx_cryp_des.o
                                                  obj/libs/STM32F4xx_StdPeriph_Driver/src/stm32f4xx_cryp_aes.o
CRYP_KeyStructInit                                obj/libs/STM32F4xx_StdPeriph_Driver/src/stm32f4xx_cryp.o
                                                  obj/libs/STM32F4xx_StdPeriph_Driver/src/stm32f4xx_cryp_tdes.o
                                                  obj/libs/STM32F4xx_StdPeriph_Driver/src/stm32f4xx_cryp_des.o
                                                  obj/libs/STM32F4xx_StdPeriph_Driver/src/stm32f4xx_cryp_aes.o
CRYP_RestoreContext                               obj/libs/STM32F4xx_StdPeriph_Driver/src/stm32f4xx_cryp.o
CRYP_SaveContext                                  obj/libs/STM32F4xx_StdPeriph_Driver/src/stm32f4xx_cryp.o
CRYP_StructInit                                   obj/libs/STM32F4xx_StdPeriph_Driver/src/stm32f4xx_cryp.o
CRYP_TDES_CBC                                     obj/libs/STM32F4xx_StdPeriph_Driver/src/stm32f4xx_cryp_tdes.o
CRYP_TDES_ECB                                     obj/libs/STM32F4xx_StdPeriph_Driver/src/stm32f4xx_cryp_tdes.o
DAC_ClearFlag                                     obj/libs/STM32F4xx_StdPeriph_Driver/src/stm32f4xx_dac.o
DAC_ClearITPendingBit                             obj/libs/STM32F4xx_StdPeriph_Driver/src/stm32f4xx_dac.o
DAC_Cmd                                           obj/libs/STM32F4xx_StdPeriph_Driver/src/stm32f4xx_dac.o
DAC_DMACmd                                        obj/libs/STM32F4xx_StdPeriph_Driver/src/stm32f4xx_dac.o
DAC_DeInit                                        obj/libs/STM32F4xx_StdPeriph_Driver/src/stm32f4xx_dac.o
DAC_DualSoftwareTriggerCmd                        obj/libs/STM32F4xx_StdPeriph_Driver/src/stm32f4xx_dac.o
DAC_GetDataOutputValue                            obj/libs/STM32F4xx_StdPeriph_Driver/src/stm32f4xx_dac.o
DAC_GetFlagStatus                                 obj/libs/STM32F4xx_StdPeriph_Driver/src/stm32f4xx_dac.o
DAC_GetITStatus                                   obj/libs/STM32F4xx_StdPeriph_Driver/src/stm32f4xx_dac.o
DAC_ITConfig                                      obj/libs/STM32F4xx_StdPeriph_Driver/src/stm32f4xx_dac.o
DAC_Init                                          obj/libs/STM32F4xx_StdPeriph_Driver/src/stm32f4xx_dac.o
DAC_SetChannel1Data                               obj/libs/STM32F4xx_StdPeriph_Driver/src/stm32f4xx_dac.o
DAC_SetChannel2Data                               obj/libs/STM32F4xx_StdPeriph_Driver/src/stm32f4xx_dac.o
DAC_SetDualChannelData                            obj/libs/STM32F4xx_StdPeriph_Driver/src/stm32f4xx_dac.o
DAC_SoftwareTriggerCmd                            obj/libs/STM32F4xx_StdPeriph_Driver/src/stm32f4xx_dac.o
DAC_StructInit                                    obj/libs/STM32F4xx_StdPeriph_Driver/src/stm32f4xx_dac.o
DAC_WaveGenerationCmd                             obj/libs/STM32F4xx_StdPeriph_Driver/src/stm32f4xx_dac.o
DBGMCU_APB1PeriphConfig                           obj/libs/STM32F4xx_StdPeriph_Driver/src/stm32f4xx_dbgmcu.o
DBGMCU_APB2PeriphConfig                           obj/libs/STM32F4xx_StdPeriph_Driver/src/stm32f4xx_dbgmcu.o
DBGMCU_Config                                     obj/libs/STM32F4xx_StdPeriph_Driver/src/stm32f4xx_dbgmcu.o
DBGMCU_GetDEVID                                   obj/libs/STM32F4xx_StdPeriph_Driver/src/stm32f4xx_dbgmcu.o
DBGMCU_GetREVID                                   obj/libs/STM32F4xx_StdPeriph_Driver/src/stm32f4xx_dbgmcu.o
DCMI_CROPCmd                                      obj/libs/STM32F4xx_StdPeriph_Driver/src/stm32f4xx_dcmi.o
DCMI_CROPConfig                                   obj/libs/STM32F4xx_StdPeriph_Driver/src/stm32f4xx_dcmi.o
DCMI_CaptureCmd                                   obj/libs/STM32F4xx_StdPeriph_Driver/src/stm32f4xx_dcmi.o
DCMI_ClearFlag                                    obj/libs/STM32F4xx_StdPeriph_Driver/src/stm32f4xx_dcmi.o
DCMI_ClearITPendingBit                            obj/libs/STM32F4xx_StdPeriph_Driver/src/stm32f4xx_dcmi.o
DCMI_Cmd                                          obj/libs/STM32F4xx_StdPeriph_Driver/src/stm32f4xx_dcmi.o
DCMI_DeInit                                       obj/libs/STM32F4xx_StdPeriph_Driver/src/stm32f4xx_dcmi.o
DCMI_GetFlagStatus                                obj/libs/STM32F4xx_StdPeriph_Driver/src/stm32f4xx_dcmi.o
DCMI_GetITStatus                                  obj/libs/STM32F4xx_StdPeriph_Driver/src/stm32f4xx_dcmi.o
DCMI_IRQHandler                                   obj/src/startup_stm32f4xx.o
DCMI_ITConfig                                     obj/libs/STM32F4xx_StdPeriph_Driver/src/stm32f4xx_dcmi.o
DCMI_Init                                         obj/libs/STM32F4xx_StdPeriph_Driver/src/stm32f4xx_dcmi.o
DCMI_JPEGCmd                                      obj/libs/STM32F4xx_StdPeriph_Driver/src/stm32f4xx_dcmi.o
DCMI_ReadData                                     obj/libs/STM32F4xx_StdPeriph_Driver/src/stm32f4xx_dcmi.o
DCMI_SetEmbeddedSynchroCodes                      obj/libs/STM32F4xx_StdPeriph_Driver/src/stm32f4xx_dcmi.o
DCMI_StructInit                                   obj/libs/STM32F4xx_StdPeriph_Driver/src/stm32f4xx_dcmi.o
DMA1_Stream0_IRQHandler                           obj/src/startup_stm32f4xx.o
DMA1_Stream1_IRQHandler                           obj/src/startup_stm32f4xx.o
DMA1_Stream2_IRQHandler                           obj/src/startup_stm32f4xx.o
DMA1_Stream3_IRQHandler                           obj/src/startup_stm32f4xx.o
DMA1_Stream4_IRQHandler                           obj/src/startup_stm32f4xx.o
DMA1_Stream5_IRQHandler                           obj/src/startup_stm32f4xx.o
DMA1_Stream6_IRQHandler                           obj/src/startup_stm32f4xx.o
DMA1_Stream7_IRQHandler                           obj/src/startup_stm32f4xx.o
DMA2_Stream0_IRQHandler                           obj/src/startup_stm32f4xx.o
DMA2_Stream1_IRQHandler                           obj/src/startup_stm32f4xx.o
DMA2_Stream2_IRQHandler                           obj/src/startup_stm32f4xx.o
DMA2_Stream3_IRQHandler                           obj/src/startup_stm32f4xx.o
DMA2_Stream4_IRQHandler                           obj/src/startup_stm32f4xx.o
DMA2_Stream5_IRQHandler                           obj/src/startup_stm32f4xx.o
DMA2_Stream6_IRQHandler                           obj/src/startup_stm32f4xx.o
DMA2_Stream7_IRQHandler                           obj/src/startup_stm32f4xx.o
DMA_ClearFlag                                     obj/libs/STM32F4xx_StdPeriph_Driver/src/stm32f4xx_dma.o
DMA_ClearITPendingBit                             obj/libs/STM32F4xx_StdPeriph_Driver/src/stm32f4xx_dma.o
DMA_Cmd                                           obj/libs/STM32F4xx_StdPeriph_Driver/src/stm32f4xx_dma.o
                                                  obj/src/hw_config.o
DMA_Configuration                                 obj/src/hw_config.o
DMA_DeInit                                        obj/libs/STM32F4xx_StdPeriph_Driver/src/stm32f4xx_dma.o
                                                  obj/src/hw_config.o
DMA_DoubleBufferModeCmd                           obj/libs/STM32F4xx_StdPeriph_Driver/src/stm32f4xx_dma.o
DMA_DoubleBufferModeConfig                        obj/libs/STM32F4xx_StdPeriph_Driver/src/stm32f4xx_dma.o
DMA_FlowControllerConfig                          obj/libs/STM32F4xx_StdPeriph_Driver/src/stm32f4xx_dma.o
DMA_GetCmdStatus                                  obj/libs/STM32F4xx_StdPeriph_Driver/src/stm32f4xx_dma.o
DMA_GetCurrDataCounter                            obj/libs/STM32F4xx_StdPeriph_Driver/src/stm32f4xx_dma.o
DMA_GetCurrentMemoryTarget                        obj/libs/STM32F4xx_StdPeriph_Driver/src/stm32f4xx_dma.o
DMA_GetFIFOStatus                                 obj/libs/STM32F4xx_StdPeriph_Driver/src/stm32f4xx_dma.o
DMA_GetFlagStatus                                 obj/libs/STM32F4xx_StdPeriph_Driver/src/stm32f4xx_dma.o
DMA_GetITStatus                                   obj/libs/STM32F4xx_StdPeriph_Driver/src/stm32f4xx_dma.o
DMA_ITConfig                                      obj/libs/STM32F4xx_StdPeriph_Driver/src/stm32f4xx_dma.o
DMA_Init                                          obj/libs/STM32F4xx_StdPeriph_Driver/src/stm32f4xx_dma.o
                                                  obj/src/hw_config.o
DMA_MemoryTargetConfig                            obj/libs/STM32F4xx_StdPeriph_Driver/src/stm32f4xx_dma.o
DMA_PeriphIncOffsetSizeConfig                     obj/libs/STM32F4xx_StdPeriph_Driver/src/stm32f4xx_dma.o
DMA_SetCurrDataCounter                            obj/libs/STM32F4xx_StdPeriph_Driver/src/stm32f4xx_dma.o
DMA_StructInit                                    obj/libs/STM32F4xx_StdPeriph_Driver/src/stm32f4xx_dma.o
                                                  obj/src/hw_config.o
DebugMon_Handler                                  obj/src/startup_stm32f4xx.o
Default_Handler                                   obj/src/startup_stm32f4xx.o
Delay_5ms                                         obj/src/shell.o
ETH_IRQHandler                                    obj/src/startup_stm32f4xx.o
ETH_WKUP_IRQHandler                               obj/src/startup_stm32f4xx.o
EXTI0_IRQHandler                                  obj/src/startup_stm32f4xx.o
EXTI15_10_IRQHandler                              obj/src/startup_stm32f4xx.o
EXTI1_IRQHandler                                  obj/src/startup_stm32f4xx.o
EXTI2_IRQHandler                                  obj/src/startup_stm32f4xx.o
EXTI3_IRQHandler                                  obj/src/startup_stm32f4xx.o
EXTI4_IRQHandler                                  obj/src/startup_stm32f4xx.o
EXTI9_5_IRQHandler                                obj/src/startup_stm32f4xx.o
EXTI_ClearFlag                                    obj/libs/STM32F4xx_StdPeriph_Driver/src/stm32f4xx_exti.o
EXTI_ClearITPendingBit                            obj/libs/STM32F4xx_StdPeriph_Driver/src/stm32f4xx_exti.o
EXTI_DeInit                                       obj/libs/STM32F4xx_StdPeriph_Driver/src/stm32f4xx_exti.o
EXTI_GenerateSWInterrupt                          obj/libs/STM32F4xx_StdPeriph_Driver/src/stm32f4xx_exti.o
EXTI_GetFlagStatus                                obj/libs/STM32F4xx_StdPeriph_Driver/src/stm32f4xx_exti.o
EXTI_GetITStatus                                  obj/libs/STM32F4xx_StdPeriph_Driver/src/stm32f4xx_exti.o
EXTI_Init                                         obj/libs/STM32F4xx_StdPeriph_Driver/src/stm32f4xx_exti.o
                                                  obj/src/stm32f4_discovery.o
EXTI_StructInit                                   obj/libs/STM32F4xx_StdPeriph_Driver/src/stm32f4xx_exti.o
FLASH_ClearFlag                                   obj/libs/STM32F4xx_StdPeriph_Driver/src/stm32f4xx_flash.o
FLASH_DataCacheCmd                                obj/libs/STM32F4xx_StdPeriph_Driver/src/stm32f4xx_flash.o
FLASH_DataCacheReset                              obj/libs/STM32F4xx_StdPeriph_Driver/src/stm32f4xx_flash.o
FLASH_EraseAllSectors                             obj/libs/STM32F4xx_StdPeriph_Driver/src/stm32f4xx_flash.o
FLASH_EraseSector                                 obj/libs/STM32F4xx_StdPeriph_Driver/src/stm32f4xx_flash.o
FLASH_GetFlagStatus                               obj/libs/STM32F4xx_StdPeriph_Driver/src/stm32f4xx_flash.o
FLASH_GetStatus                                   obj/libs/STM32F4xx_StdPeriph_Driver/src/stm32f4xx_flash.o
FLASH_IRQHandler                                  obj/src/startup_stm32f4xx.o
FLASH_ITConfig                                    obj/libs/STM32F4xx_StdPeriph_Driver/src/stm32f4xx_flash.o
FLASH_InstructionCacheCmd                         obj/libs/STM32F4xx_StdPeriph_Driver/src/stm32f4xx_flash.o
FLASH_InstructionCacheReset                       obj/libs/STM32F4xx_StdPeriph_Driver/src/stm32f4xx_flash.o
FLASH_Lock                                        obj/libs/STM32F4xx_StdPeriph_Driver/src/stm32f4xx_flash.o
FLASH_OB_BORConfig                                obj/libs/STM32F4xx_StdPeriph_Driver/src/stm32f4xx_flash.o
FLASH_OB_GetBOR                                   obj/libs/STM32F4xx_StdPeriph_Driver/src/stm32f4xx_flash.o
FLASH_OB_GetRDP                                   obj/libs/STM32F4xx_StdPeriph_Driver/src/stm32f4xx_flash.o
FLASH_OB_GetUser                                  obj/libs/STM32F4xx_StdPeriph_Driver/src/stm32f4xx_flash.o
FLASH_OB_GetWRP                                   obj/libs/STM32F4xx_StdPeriph_Driver/src/stm32f4xx_flash.o
FLASH_OB_Launch                                   obj/libs/STM32F4xx_StdPeriph_Driver/src/stm32f4xx_flash.o
FLASH_OB_Lock                                     obj/libs/STM32F4xx_StdPeriph_Driver/src/stm32f4xx_flash.o
FLASH_OB_RDPConfig                                obj/libs/STM32F4xx_StdPeriph_Driver/src/stm32f4xx_flash.o
FLASH_OB_Unlock                                   obj/libs/STM32F4xx_StdPeriph_Driver/src/stm32f4xx_flash.o
FLASH_OB_UserConfig                               obj/libs/STM32F4xx_StdPeriph_Driver/src/stm32f4xx_flash.o
FLASH_OB_WRPConfig                                obj/libs/STM32F4xx_StdPeriph_Driver/src/stm32f4xx_flash.o
FLASH_PrefetchBufferCmd                           obj/libs/STM32F4xx_StdPeriph_Driver/src/stm32f4xx_flash.o
FLASH_ProgramByte                                 obj/libs/STM32F4xx_StdPeriph_Driver/src/stm32f4xx_flash.o
FLASH_ProgramDoubleWord                           obj/libs/STM32F4xx_StdPeriph_Driver/src/stm32f4xx_flash.o
FLASH_ProgramHalfWord                             obj/libs/STM32F4xx_StdPeriph_Driver/src/stm32f4xx_flash.o
FLASH_ProgramWord                                 obj/libs/STM32F4xx_StdPeriph_Driver/src/stm32f4xx_flash.o
FLASH_SetLatency                                  obj/libs/STM32F4xx_StdPeriph_Driver/src/stm32f4xx_flash.o
FLASH_Unlock                                      obj/libs/STM32F4xx_StdPeriph_Driver/src/stm32f4xx_flash.o
FLASH_WaitForLastOperation                        obj/libs/STM32F4xx_StdPeriph_Driver/src/stm32f4xx_flash.o
FPU_IRQHandler                                    obj/src/startup_stm32f4xx.o
FSMC_ClearFlag                                    obj/libs/STM32F4xx_StdPeriph_Driver/src/stm32f4xx_fsmc.o
FSMC_ClearITPendingBit                            obj/libs/STM32F4xx_StdPeriph_Driver/src/stm32f4xx_fsmc.o
FSMC_GetECC                                       obj/libs/STM32F4xx_StdPeriph_Driver/src/stm32f4xx_fsmc.o
FSMC_GetFlagStatus                                obj/libs/STM32F4xx_StdPeriph_Driver/src/stm32f4xx_fsmc.o
FSMC_GetITStatus                                  obj/libs/STM32F4xx_StdPeriph_Driver/src/stm32f4xx_fsmc.o
FSMC_IRQHandler                                   obj/src/startup_stm32f4xx.o
FSMC_ITConfig                                     obj/libs/STM32F4xx_StdPeriph_Driver/src/stm32f4xx_fsmc.o
FSMC_NANDCmd                                      obj/libs/STM32F4xx_StdPeriph_Driver/src/stm32f4xx_fsmc.o
FSMC_NANDDeInit                                   obj/libs/STM32F4xx_StdPeriph_Driver/src/stm32f4xx_fsmc.o
FSMC_NANDECCCmd                                   obj/libs/STM32F4xx_StdPeriph_Driver/src/stm32f4xx_fsmc.o
FSMC_NANDInit                                     obj/libs/STM32F4xx_StdPeriph_Driver/src/stm32f4xx_fsmc.o
FSMC_NANDStructInit                               obj/libs/STM32F4xx_StdPeriph_Driver/src/stm32f4xx_fsmc.o
FSMC_NORSRAMCmd                                   obj/libs/STM32F4xx_StdPeriph_Driver/src/stm32f4xx_fsmc.o
FSMC_NORSRAMDeInit                                obj/libs/STM32F4xx_StdPeriph_Driver/src/stm32f4xx_fsmc.o
FSMC_NORSRAMInit                                  obj/libs/STM32F4xx_StdPeriph_Driver/src/stm32f4xx_fsmc.o
FSMC_NORSRAMStructInit                            obj/libs/STM32F4xx_StdPeriph_Driver/src/stm32f4xx_fsmc.o
FSMC_PCCARDCmd                                    obj/libs/STM32F4xx_StdPeriph_Driver/src/stm32f4xx_fsmc.o
FSMC_PCCARDDeInit                                 obj/libs/STM32F4xx_StdPeriph_Driver/src/stm32f4xx_fsmc.o
FSMC_PCCARDInit                                   obj/libs/STM32F4xx_StdPeriph_Driver/src/stm32f4xx_fsmc.o
FSMC_PCCARDStructInit                             obj/libs/STM32F4xx_StdPeriph_Driver/src/stm32f4xx_fsmc.o
GPIO_CLK                                          obj/src/stm32f4_discovery.o
GPIO_Configuration                                obj/src/hw_config.o
GPIO_DeInit                                       obj/libs/STM32F4xx_StdPeriph_Driver/src/stm32f4xx_gpio.o
GPIO_Init                                         obj/libs/STM32F4xx_StdPeriph_Driver/src/stm32f4xx_gpio.o
                                                  obj/src/hw_config.o
                                                  obj/src/stm32f4_discovery.o
                                                  obj/src/uart.o
GPIO_PIN                                          obj/src/stm32f4_discovery.o
GPIO_PORT                                         obj/src/stm32f4_discovery.o
GPIO_PinAFConfig                                  obj/libs/STM32F4xx_StdPeriph_Driver/src/stm32f4xx_gpio.o
                                                  obj/src/hw_config.o
                                                  obj/src/uart.o
GPIO_PinLockConfig                                obj/libs/STM32F4xx_StdPeriph_Driver/src/stm32f4xx_gpio.o
GPIO_ReadInputData                                obj/libs/STM32F4xx_StdPeriph_Driver/src/stm32f4xx_gpio.o
GPIO_ReadInputDataBit                             obj/libs/STM32F4xx_StdPeriph_Driver/src/stm32f4xx_gpio.o
                                                  obj/src/stm32f4_discovery.o
GPIO_ReadOutputData                               obj/libs/STM32F4xx_StdPeriph_Driver/src/stm32f4xx_gpio.o
GPIO_ReadOutputDataBit                            obj/libs/STM32F4xx_StdPeriph_Driver/src/stm32f4xx_gpio.o
GPIO_ResetBits                                    obj/libs/STM32F4xx_StdPeriph_Driver/src/stm32f4xx_gpio.o
GPIO_SetBits                                      obj/libs/STM32F4xx_StdPeriph_Driver/src/stm32f4xx_gpio.o
GPIO_StructInit                                   obj/libs/STM32F4xx_StdPeriph_Driver/src/stm32f4xx_gpio.o
                                                  obj/src/hw_config.o
GPIO_ToggleBits                                   obj/libs/STM32F4xx_StdPeriph_Driver/src/stm32f4xx_gpio.o
GPIO_Write                                        obj/libs/STM32F4xx_StdPeriph_Driver/src/stm32f4xx_gpio.o
GPIO_WriteBit                                     obj/libs/STM32F4xx_StdPeriph_Driver/src/stm32f4xx_gpio.o
HASH_ClearFlag                                    obj/libs/STM32F4xx_StdPeriph_Driver/src/stm32f4xx_hash.o
HASH_ClearITPendingBit                            obj/libs/STM32F4xx_StdPeriph_Driver/src/stm32f4xx_hash.o
HASH_DMACmd                                       obj/libs/STM32F4xx_StdPeriph_Driver/src/stm32f4xx_hash.o
HASH_DataIn                                       obj/libs/STM32F4xx_StdPeriph_Driver/src/stm32f4xx_hash.o
                                                  obj/libs/STM32F4xx_StdPeriph_Driver/src/stm32f4xx_hash_sha1.o
                                                  obj/libs/STM32F4xx_StdPeriph_Driver/src/stm32f4xx_hash_md5.o
HASH_DeInit                                       obj/libs/STM32F4xx_StdPeriph_Driver/src/stm32f4xx_hash.o
                                                  obj/libs/STM32F4xx_StdPeriph_Driver/src/stm32f4xx_hash_sha1.o
                                                  obj/libs/STM32F4xx_StdPeriph_Driver/src/stm32f4xx_hash_md5.o
HASH_GetDigest                                    obj/libs/STM32F4xx_StdPeriph_Driver/src/stm32f4xx_hash.o
                                                  obj/libs/STM32F4xx_StdPeriph_Driver/src/stm32f4xx_hash_sha1.o
                                                  obj/libs/STM32F4xx_StdPeriph_Driver/src/stm32f4xx_hash_md5.o